Component: ARM Compiler 5.06 update 5 (build 528) Tool: armlink [4d35e2]

==============================================================================

Section Cross References

    stm32f7xx_hal_msp.o(i.HAL_ADC_MspDeInit) refers to stm32f7xx_hal_gpio.o(i.HAL_GPIO_DeInit) for HAL_GPIO_DeInit
    stm32f7xx_hal_msp.o(i.HAL_ADC_MspInit) refers to stm32f7xx_hal_gpio.o(i.HAL_GPIO_Init) for HAL_GPIO_Init
    stm32f7xx_hal_msp.o(i.HAL_MspInit) refers to stm32f7xx_hal_cortex.o(i.HAL_NVIC_SetPriorityGrouping) for HAL_NVIC_SetPriorityGrouping
    stm32f7xx_hal_msp.o(i.HAL_MspInit) refers to stm32f7xx_hal_cortex.o(i.HAL_NVIC_SetPriority) for HAL_NVIC_SetPriority
    stm32f7xx_hal_msp.o(i.HAL_TIM_MspPostInit) refers to stm32f7xx_hal_gpio.o(i.HAL_GPIO_Init) for HAL_GPIO_Init
    stm32f7xx_hal_msp.o(i.HAL_UART_MspDeInit) refers to stm32f7xx_hal_gpio.o(i.HAL_GPIO_DeInit) for HAL_GPIO_DeInit
    stm32f7xx_hal_msp.o(i.HAL_UART_MspDeInit) refers to stm32f7xx_hal_cortex.o(i.HAL_NVIC_DisableIRQ) for HAL_NVIC_DisableIRQ
    stm32f7xx_hal_msp.o(i.HAL_UART_MspInit) refers to stm32f7xx_hal_gpio.o(i.HAL_GPIO_Init) for HAL_GPIO_Init
    stm32f7xx_hal_msp.o(i.HAL_UART_MspInit) refers to stm32f7xx_hal_cortex.o(i.HAL_NVIC_SetPriority) for HAL_NVIC_SetPriority
    stm32f7xx_hal_msp.o(i.HAL_UART_MspInit) refers to stm32f7xx_hal_cortex.o(i.HAL_NVIC_EnableIRQ) for HAL_NVIC_EnableIRQ
    stm32f7xx_it.o(i.SysTick_Handler) refers to stm32f7xx_hal.o(i.HAL_IncTick) for HAL_IncTick
    stm32f7xx_it.o(i.SysTick_Handler) refers to stm32f7xx_hal_cortex.o(i.HAL_SYSTICK_IRQHandler) for HAL_SYSTICK_IRQHandler
    stm32f7xx_it.o(i.USART3_IRQHandler) refers to stm32f7xx_hal_uart.o(i.HAL_UART_IRQHandler) for HAL_UART_IRQHandler
    stm32f7xx_it.o(i.USART3_IRQHandler) refers to main.o(.bss) for huart3
    main.o(i.MX_ADC1_Init) refers to stm32f7xx_hal_adc.o(i.HAL_ADC_Init) for HAL_ADC_Init
    main.o(i.MX_ADC1_Init) refers to stm32f7xx_hal_adc.o(i.HAL_ADC_ConfigChannel) for HAL_ADC_ConfigChannel
    main.o(i.MX_ADC1_Init) refers to main.o(.bss) for .bss
    main.o(i.MX_GPIO_Init) refers to stm32f7xx_hal_gpio.o(i.HAL_GPIO_WritePin) for HAL_GPIO_WritePin
    main.o(i.MX_GPIO_Init) refers to stm32f7xx_hal_gpio.o(i.HAL_GPIO_Init) for HAL_GPIO_Init
    main.o(i.MX_TIM3_Init) refers to stm32f7xx_hal_tim.o(i.HAL_TIM_Base_Init) for HAL_TIM_Base_Init
    main.o(i.MX_TIM3_Init) refers to stm32f7xx_hal_tim.o(i.HAL_TIM_ConfigClockSource) for HAL_TIM_ConfigClockSource
    main.o(i.MX_TIM3_Init) refers to stm32f7xx_hal_tim.o(i.HAL_TIM_PWM_Init) for HAL_TIM_PWM_Init
    main.o(i.MX_TIM3_Init) refers to stm32f7xx_hal_tim_ex.o(i.HAL_TIMEx_MasterConfigSynchronization) for HAL_TIMEx_MasterConfigSynchronization
    main.o(i.MX_TIM3_Init) refers to stm32f7xx_hal_tim_ex.o(i.HAL_TIM_PWM_ConfigChannel) for HAL_TIM_PWM_ConfigChannel
    main.o(i.MX_TIM3_Init) refers to stm32f7xx_hal_msp.o(i.HAL_TIM_MspPostInit) for HAL_TIM_MspPostInit
    main.o(i.MX_TIM3_Init) refers to main.o(.bss) for .bss
    main.o(i.MX_TIM4_Init) refers to stm32f7xx_hal_tim.o(i.HAL_TIM_Base_Init) for HAL_TIM_Base_Init
    main.o(i.MX_TIM4_Init) refers to stm32f7xx_hal_tim.o(i.HAL_TIM_ConfigClockSource) for HAL_TIM_ConfigClockSource
    main.o(i.MX_TIM4_Init) refers to stm32f7xx_hal_tim.o(i.HAL_TIM_PWM_Init) for HAL_TIM_PWM_Init
    main.o(i.MX_TIM4_Init) refers to stm32f7xx_hal_tim_ex.o(i.HAL_TIMEx_MasterConfigSynchronization) for HAL_TIMEx_MasterConfigSynchronization
    main.o(i.MX_TIM4_Init) refers to stm32f7xx_hal_tim_ex.o(i.HAL_TIM_PWM_ConfigChannel) for HAL_TIM_PWM_ConfigChannel
    main.o(i.MX_TIM4_Init) refers to stm32f7xx_hal_msp.o(i.HAL_TIM_MspPostInit) for HAL_TIM_MspPostInit
    main.o(i.MX_TIM4_Init) refers to main.o(.bss) for .bss
    main.o(i.MX_USART3_UART_Init) refers to stm32f7xx_hal_uart.o(i.HAL_UART_Init) for HAL_UART_Init
    main.o(i.MX_USART3_UART_Init) refers to main.o(.bss) for .bss
    main.o(i.SystemClock_Config) refers to stm32f7xx_hal_rcc.o(i.HAL_RCC_OscConfig) for HAL_RCC_OscConfig
    main.o(i.SystemClock_Config) refers to stm32f7xx_hal_pwr_ex.o(i.HAL_PWREx_EnableOverDrive) for HAL_PWREx_EnableOverDrive
    main.o(i.SystemClock_Config) refers to stm32f7xx_hal_rcc.o(i.HAL_RCC_ClockConfig) for HAL_RCC_ClockConfig
    main.o(i.SystemClock_Config) refers to stm32f7xx_hal_rcc_ex.o(i.HAL_RCCEx_PeriphCLKConfig) for HAL_RCCEx_PeriphCLKConfig
    main.o(i.SystemClock_Config) refers to stm32f7xx_hal_rcc.o(i.HAL_RCC_GetHCLKFreq) for HAL_RCC_GetHCLKFreq
    main.o(i.SystemClock_Config) refers to stm32f7xx_hal_cortex.o(i.HAL_SYSTICK_Config) for HAL_SYSTICK_Config
    main.o(i.SystemClock_Config) refers to stm32f7xx_hal_cortex.o(i.HAL_SYSTICK_CLKSourceConfig) for HAL_SYSTICK_CLKSourceConfig
    main.o(i.SystemClock_Config) refers to stm32f7xx_hal_cortex.o(i.HAL_NVIC_SetPriority) for HAL_NVIC_SetPriority
    main.o(i.main) refers to stm32f7xx_hal.o(i.HAL_Init) for HAL_Init
    main.o(i.main) refers to main.o(i.SystemClock_Config) for SystemClock_Config
[...]
    Removing stm32f7xx_hal_tim_ex.o(i.HAL_TIMEx_HallSensor_Stop), (46 bytes).
    Removing stm32f7xx_hal_tim_ex.o(i.HAL_TIMEx_HallSensor_Stop_DMA), (56 bytes).
    Removing stm32f7xx_hal_tim_ex.o(i.HAL_TIMEx_HallSensor_Stop_IT), (56 bytes).
    Removing stm32f7xx_hal_tim_ex.o(i.HAL_TIMEx_OCN_Start), (36 bytes).
    Removing stm32f7xx_hal_tim_ex.o(i.HAL_TIMEx_OCN_Start_DMA), (220 bytes).
    Removing stm32f7xx_hal_tim_ex.o(i.HAL_TIMEx_OCN_Start_IT), (96 bytes).
    Removing stm32f7xx_hal_tim_ex.o(i.HAL_TIMEx_OCN_Stop), (66 bytes).
    Removing stm32f7xx_hal_tim_ex.o(i.HAL_TIMEx_OCN_Stop_DMA), (122 bytes).
    Removing stm32f7xx_hal_tim_ex.o(i.HAL_TIMEx_OCN_Stop_IT), (134 bytes).
    Removing stm32f7xx_hal_tim_ex.o(i.HAL_TIMEx_OnePulseN_Start), (26 bytes).
    Removing stm32f7xx_hal_tim_ex.o(i.HAL_TIMEx_OnePulseN_Start_IT), (46 bytes).
    Removing stm32f7xx_hal_tim_ex.o(i.HAL_TIMEx_OnePulseN_Stop), (66 bytes).
    Removing stm32f7xx_hal_tim_ex.o(i.HAL_TIMEx_OnePulseN_Stop_IT), (86 bytes).
    Removing stm32f7xx_hal_tim_ex.o(i.HAL_TIMEx_PWMN_Start), (36 bytes).
    Removing stm32f7xx_hal_tim_ex.o(i.HAL_TIMEx_PWMN_Start_DMA), (220 bytes).
    Removing stm32f7xx_hal_tim_ex.o(i.HAL_TIMEx_PWMN_Start_IT), (96 bytes).
    Removing stm32f7xx_hal_tim_ex.o(i.HAL_TIMEx_PWMN_Stop), (66 bytes).
    Removing stm32f7xx_hal_tim_ex.o(i.HAL_TIMEx_PWMN_Stop_DMA), (122 bytes).
    Removing stm32f7xx_hal_tim_ex.o(i.HAL_TIMEx_PWMN_Stop_IT), (134 bytes).
    Removing stm32f7xx_hal_tim_ex.o(i.HAL_TIMEx_RemapConfig), (34 bytes).
    Removing stm32f7xx_hal_tim_ex.o(i.HAL_TIM_ConfigOCrefClear), (232 bytes).
    Removing stm32f7xx_hal_tim_ex.o(i.HAL_TIM_OC_ConfigChannel), (114 bytes).
    Removing stm32f7xx_hal_tim_ex.o(i.TIMEx_DMACommutationCplt), (16 bytes).
    Removing stm32f7xx_hal_tim_ex.o(i.TIM_CCxNChannelCmd), (22 bytes).
    Removing stm32f7xx_hal_rcc_ex.o(.rev16_text), (4 bytes).
    Removing stm32f7xx_hal_rcc_ex.o(.revsh_text), (4 bytes).
    Removing stm32f7xx_hal_rcc_ex.o(.rrx_text), (6 bytes).
    Removing stm32f7xx_hal_rcc_ex.o(i.HAL_RCCEx_GetPeriphCLKConfig), (336 bytes).
    Removing stm32f7xx_hal_rcc_ex.o(i.HAL_RCCEx_GetPeriphCLKFreq), (192 bytes).
    Removing stm32f7xx_hal_adc_ex.o(.rev16_text), (4 bytes).
    Removing stm32f7xx_hal_adc_ex.o(.revsh_text), (4 bytes).
    Removing stm32f7xx_hal_adc_ex.o(.rrx_text), (6 bytes).
    Removing stm32f7xx_hal_adc_ex.o(i.ADC_MultiModeDMAConvCplt), (90 bytes).
    Removing stm32f7xx_hal_adc_ex.o(i.ADC_MultiModeDMAError), (18 bytes).
    Removing stm32f7xx_hal_adc_ex.o(i.ADC_MultiModeDMAHalfConvCplt), (6 bytes).
    Removing stm32f7xx_hal_adc_ex.o(i.HAL_ADCEx_InjectedConfigChannel), (452 bytes).
    Removing stm32f7xx_hal_adc_ex.o(i.HAL_ADCEx_InjectedConvCpltCallback), (2 bytes).
    Removing stm32f7xx_hal_adc_ex.o(i.HAL_ADCEx_InjectedGetValue), (62 bytes).
    Removing stm32f7xx_hal_adc_ex.o(i.HAL_ADCEx_InjectedPollForConversion), (136 bytes).
    Removing stm32f7xx_hal_adc_ex.o(i.HAL_ADCEx_InjectedStart), (204 bytes).
    Removing stm32f7xx_hal_adc_ex.o(i.HAL_ADCEx_InjectedStart_IT), (220 bytes).
    Removing stm32f7xx_hal_adc_ex.o(i.HAL_ADCEx_InjectedStop), (84 bytes).
    Removing stm32f7xx_hal_adc_ex.o(i.HAL_ADCEx_InjectedStop_IT), (92 bytes).
    Removing stm32f7xx_hal_adc_ex.o(i.HAL_ADCEx_MultiModeConfigChannel), (108 bytes).
    Removing stm32f7xx_hal_adc_ex.o(i.HAL_ADCEx_MultiModeGetValue), (12 bytes).
    Removing stm32f7xx_hal_adc_ex.o(i.HAL_ADCEx_MultiModeStart_DMA), (256 bytes).
    Removing stm32f7xx_hal_adc_ex.o(i.HAL_ADCEx_MultiModeStop_DMA), (100 bytes).
    Removing stm32f7xx_hal_adc.o(.rev16_text), (4 bytes).
    Removing stm32f7xx_hal_adc.o(.revsh_text), (4 bytes).
    Removing stm32f7xx_hal_adc.o(.rrx_text), (6 bytes).
    Removing stm32f7xx_hal_adc.o(i.ADC_DMAConvCplt), (98 bytes).
    Removing stm32f7xx_hal_adc.o(i.ADC_DMAError), (22 bytes).
    Removing stm32f7xx_hal_adc.o(i.ADC_DMAHalfConvCplt), (10 bytes).
    Removing stm32f7xx_hal_adc.o(i.HAL_ADC_AnalogWDGConfig), (112 bytes).
    Removing stm32f7xx_hal_adc.o(i.HAL_ADC_ConvCpltCallback), (2 bytes).
    Removing stm32f7xx_hal_adc.o(i.HAL_ADC_ConvHalfCpltCallback), (2 bytes).
    Removing stm32f7xx_hal_adc.o(i.HAL_ADC_DeInit), (58 bytes).
    Removing stm32f7xx_hal_adc.o(i.HAL_ADC_ErrorCallback), (2 bytes).
    Removing stm32f7xx_hal_adc.o(i.HAL_ADC_GetError), (4 bytes).
    Removing stm32f7xx_hal_adc.o(i.HAL_ADC_GetState), (4 bytes).
    Removing stm32f7xx_hal_adc.o(i.HAL_ADC_IRQHandler), (316 bytes).
    Removing stm32f7xx_hal_adc.o(i.HAL_ADC_LevelOutOfWindowCallback), (2 bytes).
    Removing stm32f7xx_hal_adc.o(i.HAL_ADC_MspDeInit), (2 bytes).
    Removing stm32f7xx_hal_adc.o(i.HAL_ADC_MspInit), (2 bytes).
    Removing stm32f7xx_hal_adc.o(i.HAL_ADC_PollForEvent), (108 bytes).
    Removing stm32f7xx_hal_adc.o(i.HAL_ADC_Start_DMA), (252 bytes).
    Removing stm32f7xx_hal_adc.o(i.HAL_ADC_Start_IT), (196 bytes).
    Removing stm32f7xx_hal_adc.o(i.HAL_ADC_Stop_DMA), (88 bytes).
    Removing stm32f7xx_hal_adc.o(i.HAL_ADC_Stop_IT), (72 bytes).
    Removing system_stm32f7xx.o(.rev16_text), (4 bytes).
    Removing system_stm32f7xx.o(.revsh_text), (4 bytes).
    Removing system_stm32f7xx.o(.rrx_text), (6 bytes).
    Removing system_stm32f7xx.o(i.SystemCoreClockUpdate), (104 bytes).
    Removing dht11.o(.rev16_text), (4 bytes).
    Removing dht11.o(.revsh_text), (4 bytes).
    Removing dht11.o(.rrx_text), (6 bytes).
    Removing dwt_stm32_delay.o(.rev16_text), (4 bytes).
    Removing dwt_stm32_delay.o(.revsh_text), (4 bytes).
    Removing dwt_stm32_delay.o(.rrx_text), (6 bytes).
    Removing hw_layer.o(.rev16_text), (4 bytes).
    Removing hw_layer.o(.revsh_text), (4 bytes).
    Removing hw_layer.o(.rrx_text), (6 bytes).
    Removing hw_layer.o(i.ChangeControlState), (8 bytes).
    Removing hw_layer.o(i.GetControlState), (4 bytes).
    Removing task_manager.o(.rev16_text), (4 bytes).
    Removing task_manager.o(.revsh_text), (4 bytes).
    Removing task_manager.o(.rrx_text), (6 bytes).
    Removing serial.o(.rev16_text), (4 bytes).
    Removing serial.o(.revsh_text), (4 bytes).
    Removing serial.o(.rrx_text), (6 bytes).
    Removing dadd.o(.text), (334 bytes).
    Removing dmul.o(.text), (228 bytes).
    Removing ddiv.o(.text), (222 bytes).
    Removing dfixul.o(.text), (48 bytes).
    Removing cdrcmple.o(.text), (48 bytes).
    Removing depilogue.o(.text), (186 bytes).

492 unused section(s) (total 35832 bytes) removed from the image.

==============================================================================

Image Symbol Table

    Local Symbols

    Symbol Name                              Value     Ov Type        Size  Object(Section)

    ../Drivers/STM32F7xx_HAL_Driver/Src/stm32f7xx_hal.c 0x00000000   Number         0  stm32f7xx_hal.o ABSOLUTE
    ../Drivers/STM32F7xx_HAL_Driver/Src/stm32f7xx_hal_adc.c 0x00000000   Number         0  stm32f7xx_hal_adc.o ABSOLUTE
    ../Drivers/STM32F7xx_HAL_Driver/Src/stm32f7xx_hal_adc_ex.c 0x00000000   Number         0  stm32f7xx_hal_adc_ex.o ABSOLUTE
    ../Drivers/STM32F7xx_HAL_Driver/Src/stm32f7xx_hal_cortex.c 0x00000000   Number         0  stm32f7xx_hal_cortex.o ABSOLUTE
    ../Drivers/STM32F7xx_HAL_Driver/Src/stm32f7xx_hal_dma.c 0x00000000   Number         0  stm32f7xx_hal_dma.o ABSOLUTE
    ../Drivers/STM32F7xx_HAL_Driver/Src/stm32f7xx_hal_dma_ex.c 0x00000000   Number         0  stm32f7xx_hal_dma_ex.o ABSOLUTE
    ../Drivers/STM32F7xx_HAL_Driver/Src/stm32f7xx_hal_flash.c 0x00000000   Number         0  stm32f7xx_hal_flash.o ABSOLUTE
    ../Drivers/STM32F7xx_HAL_Driver/Src/stm32f7xx_hal_flash_ex.c 0x00000000   Number         0  stm32f7xx_hal_flash_ex.o ABSOLUTE
    ../Drivers/STM32F7xx_HAL_Driver/Src/stm32f7xx_hal_gpio.c 0x00000000   Number         0  stm32f7xx_hal_gpio.o ABSOLUTE
    ../Drivers/STM32F7xx_HAL_Driver/Src/stm32f7xx_hal_i2c.c 0x00000000   Number         0  stm32f7xx_hal_i2c.o ABSOLUTE
    ../Drivers/STM32F7xx_HAL_Driver/Src/stm32f7xx_hal_i2c_ex.c 0x00000000   Number         0  stm32f7xx_hal_i2c_ex.o ABSOLUTE
    ../Drivers/STM32F7xx_HAL_Driver/Src/stm32f7xx_hal_pwr.c 0x00000000   Number         0  stm32f7xx_hal_pwr.o ABSOLUTE
    ../Drivers/STM32F7xx_HAL_Driver/Src/stm32f7xx_hal_pwr_ex.c 0x00000000   Number         0  stm32f7xx_hal_pwr_ex.o ABSOLUTE
    ../Drivers/STM32F7xx_HAL_Driver/Src/stm32f7xx_hal_rcc.c 0x00000000   Number         0  stm32f7xx_hal_rcc.o ABSOLUTE
    ../Drivers/STM32F7xx_HAL_Driver/Src/stm32f7xx_hal_rcc_ex.c 0x00000000   Number         0  stm32f7xx_hal_rcc_ex.o ABSOLUTE
    ../Drivers/STM32F7xx_HAL_Driver/Src/stm32f7xx_hal_tim.c 0x00000000   Number         0  stm32f7xx_hal_tim.o ABSOLUTE
    ../Drivers/STM32F7xx_HAL_Driver/Src/stm32f7xx_hal_tim_ex.c 0x00000000   Number         0  stm32f7xx_hal_tim_ex.o ABSOLUTE
    ../Drivers/STM32F7xx_HAL_Driver/Src/stm32f7xx_hal_uart.c 0x00000000   Number         0  stm32f7xx_hal_uart.o ABSOLUTE
    ../Src/main.c                            0x00000000   Number         0  main.o ABSOLUTE
    ../Src/stm32f7xx_hal_msp.c               0x00000000   Number         0  stm32f7xx_hal_msp.o ABSOLUTE
    ../Src/stm32f7xx_it.c                    0x00000000   Number         0  stm32f7xx_it.o ABSOLUTE
    ../Src/system_stm32f7xx.c                0x00000000   Number         0  system_stm32f7xx.o ABSOLUTE
    ../clib/microlib/ctype/ctype.c           0x00000000   Number         0  isspace_o.o ABSOLUTE
    ../clib/microlib/ctype/ctype.c           0x00000000   Number         0  isupper_o.o ABSOLUTE
    ../clib/microlib/ctype/ctype.c           0x00000000   Number         0  iscntrl_o.o ABSOLUTE
    ../clib/microlib/ctype/ctype.c           0x00000000   Number         0  isblank_o.o ABSOLUTE
    ../clib/microlib/ctype/ctype.c           0x00000000   Number         0  isalnum_o.o ABSOLUTE
    ../clib/microlib/ctype/ctype.c           0x00000000   Number         0  ctype_o.o ABSOLUTE
    ../clib/microlib/ctype/ctype.c           0x00000000   Number         0  isalpha_o.o ABSOLUTE
    ../clib/microlib/ctype/ctype.c           0x00000000   Number         0  isxdigit_o.o ABSOLUTE
    ../clib/microlib/ctype/ctype.c           0x00000000   Number         0  isdigit_o.o ABSOLUTE
    ../clib/microlib/ctype/ctype.c           0x00000000   Number         0  isgraph_o.o ABSOLUTE
    ../clib/microlib/ctype/ctype.c           0x00000000   Number         0  islower_o.o ABSOLUTE
    ../clib/microlib/ctype/ctype.c           0x00000000   Number         0  isprint_o.o ABSOLUTE
    ../clib/microlib/ctype/ctype.c           0x00000000   Number         0  ispunct_o.o ABSOLUTE
    ../clib/microlib/division.c              0x00000000   Number         0  uidiv.o ABSOLUTE
    ../clib/microlib/division.c              0x00000000   Number         0  uldiv.o ABSOLUTE
    ../clib/microlib/errno.c                 0x00000000   Number         0  errno.o ABSOLUTE
    ../clib/microlib/init/entry.s            0x00000000   Number         0  entry8a.o ABSOLUTE
    ../clib/microlib/init/entry.s            0x00000000   Number         0  entry9a.o ABSOLUTE
    ../clib/microlib/init/entry.s            0x00000000   Number         0  entry2.o ABSOLUTE
    ../clib/microlib/init/entry.s            0x00000000   Number         0  entry9b.o ABSOLUTE
    ../clib/microlib/init/entry.s            0x00000000   Number         0  entry10a.o ABSOLUTE
    ../clib/microlib/init/entry.s            0x00000000   Number         0  entry10b.o ABSOLUTE
    ../clib/microlib/init/entry.s            0x00000000   Number         0  entry11a.o ABSOLUTE
    ../clib/microlib/init/entry.s            0x00000000   Number         0  entry11b.o ABSOLUTE
    ../clib/microlib/init/entry.s            0x00000000   Number         0  entry5.o ABSOLUTE
    ../clib/microlib/init/entry.s            0x00000000   Number         0  entry7a.o ABSOLUTE
    ../clib/microlib/init/entry.s            0x00000000   Number         0  entry.o ABSOLUTE
    ../clib/microlib/init/entry.s            0x00000000   Number         0  entry7b.o ABSOLUTE
    ../clib/microlib/init/entry.s            0x00000000   Number         0  entry8b.o ABSOLUTE
    ../clib/microlib/longlong.c              0x00000000   Number         0  llsshr.o ABSOLUTE
    ../clib/microlib/longlong.c              0x00000000   Number         0  llushr.o ABSOLUTE
    ../clib/microlib/longlong.c              0x00000000   Number         0  llshl.o ABSOLUTE
    ../clib/microlib/malloc/malloc.c         0x00000000   Number         0  mallocra.o ABSOLUTE
    ../clib/microlib/malloc/malloc.c         0x00000000   Number         0  mallocr.o ABSOLUTE
    ../clib/microlib/malloc/malloc.c         0x00000000   Number         0  malloc.o ABSOLUTE
    ../clib/microlib/malloc/malloc.c         0x00000000   Number         0  malloca.o ABSOLUTE
    ../clib/microlib/malloc/mvars.c          0x00000000   Number         0  mvars.o ABSOLUTE
    ../clib/microlib/printf/printf.c         0x00000000   Number         0  printf0.o ABSOLUTE
    ../clib/microlib/printf/printf.c         0x00000000   Number         0  printfb.o ABSOLUTE
    ../clib/microlib/printf/printf.c         0x00000000   Number         0  printf2.o ABSOLUTE
    ../clib/microlib/printf/printf.c         0x00000000   Number         0  printf8.o ABSOLUTE
    ../clib/microlib/printf/printf.c         0x00000000   Number         0  printf7.o ABSOLUTE
    ../clib/microlib/printf/printf.c         0x00000000   Number         0  printf6.o ABSOLUTE
    ../clib/microlib/printf/printf.c         0x00000000   Number         0  printf5.o ABSOLUTE
    ../clib/microlib/printf/printf.c         0x00000000   Number         0  printf4.o ABSOLUTE
    ../clib/microlib/printf/printf.c         0x00000000   Number         0  printf3.o ABSOLUTE
    ../clib/microlib/printf/printf.c         0x00000000   Number         0  printfa.o ABSOLUTE
    ../clib/microlib/printf/printf.c         0x00000000   Number         0  printf1.o ABSOLUTE
    ../clib/microlib/printf/stubs.s          0x00000000   Number         0  stubs.o ABSOLUTE
    ../clib/microlib/stdio/fputc.c           0x00000000   Number         0  fputc.o ABSOLUTE
    ../clib/microlib/stdio/semi.s            0x00000000   Number         0  semi.o ABSOLUTE
    ../clib/microlib/stdio/streams.c         0x00000000   Number         0  stdout.o ABSOLUTE
    ../clib/microlib/string/memcpy.c         0x00000000   Number         0  memcpyb.o ABSOLUTE
    ../clib/microlib/string/memcpy.c         0x00000000   Number         0  memcpya.o ABSOLUTE
    ../clib/microlib/stubs.s                 0x00000000   Number         0  iusefp.o ABSOLUTE
    ../clib/microlib/stubs.s                 0x00000000   Number         0  iusesemip.o ABSOLUTE
    ../clib/scanf.c                          0x00000000   Number         0  atoi.o ABSOLUTE
    ../clib/scanf.c                          0x00000000   Number         0  _chval.o ABSOLUTE
    ../clib/scanf.c                          0x00000000   Number         0  strtol.o ABSOLUTE
    ../clib/scanf.c                          0x00000000   Number         0  _strtoul.o ABSOLUTE
    ../fplib/microlib/fpadd.c                0x00000000   Number         0  dadd.o ABSOLUTE
    ../fplib/microlib/fpdiv.c                0x00000000   Number         0  ddiv.o ABSOLUTE
    ../fplib/microlib/fpepilogue.c           0x00000000   Number         0  depilogue.o ABSOLUTE
    ../fplib/microlib/fpfix.c                0x00000000   Number         0  dfixul.o ABSOLUTE
    ../fplib/microlib/fpmul.c                0x00000000   Number         0  dmul.o ABSOLUTE
    ..\Drivers\STM32F7xx_HAL_Driver\Src\stm32f7xx_hal.c 0x00000000   Number         0  stm32f7xx_hal.o ABSOLUTE
    ..\Drivers\STM32F7xx_HAL_Driver\Src\stm32f7xx_hal_adc.c 0x00000000   Number         0  stm32f7xx_hal_adc.o ABSOLUTE
    ..\Drivers\STM32F7xx_HAL_Driver\Src\stm32f7xx_hal_adc_ex.c 0x00000000   Number         0  stm32f7xx_hal_adc_ex.o ABSOLUTE
    ..\Drivers\STM32F7xx_HAL_Driver\Src\stm32f7xx_hal_cortex.c 0x00000000   Number         0  stm32f7xx_hal_cortex.o ABSOLUTE
    ..\Drivers\STM32F7xx_HAL_Driver\Src\stm32f7xx_hal_dma.c 0x00000000   Number         0  stm32f7xx_hal_dma.o ABSOLUTE
    ..\Drivers\STM32F7xx_HAL_Driver\Src\stm32f7xx_hal_dma_ex.c 0x00000000   Number         0  stm32f7xx_hal_dma_ex.o ABSOLUTE
    ..\Drivers\STM32F7xx_HAL_Driver\Src\stm32f7xx_hal_flash.c 0x00000000   Number         0  stm32f7xx_hal_flash.o ABSOLUTE
    ..\Drivers\STM32F7xx_HAL_Driver\Src\stm32f7xx_hal_flash_ex.c 0x00000000   Number         0  stm32f7xx_hal_flash_ex.o ABSOLUTE
    ..\Drivers\STM32F7xx_HAL_Driver\Src\stm32f7xx_hal_gpio.c 0x00000000   Number         0  stm32f7xx_hal_gpio.o ABSOLUTE
    ..\Drivers\STM32F7xx_HAL_Driver\Src\stm32f7xx_hal_i2c.c 0x00000000   Number         0  stm32f7xx_hal_i2c.o ABSOLUTE
    ..\Drivers\STM32F7xx_HAL_Driver\Src\stm32f7xx_hal_i2c_ex.c 0x00000000   Number         0  stm32f7xx_hal_i2c_ex.o ABSOLUTE
    ..\Drivers\STM32F7xx_HAL_Driver\Src\stm32f7xx_hal_pwr.c 0x00000000   Number         0  stm32f7xx_hal_pwr.o ABSOLUTE
    ..\Drivers\STM32F7xx_HAL_Driver\Src\stm32f7xx_hal_pwr_ex.c 0x00000000   Number         0  stm32f7xx_hal_pwr_ex.o ABSOLUTE
    ..\Drivers\STM32F7xx_HAL_Driver\Src\stm32f7xx_hal_rcc.c 0x00000000   Number         0  stm32f7xx_hal_rcc.o ABSOLUTE
    ..\Drivers\STM32F7xx_HAL_Driver\Src\stm32f7xx_hal_rcc_ex.c 0x00000000   Number         0  stm32f7xx_hal_rcc_ex.o ABSOLUTE
    ..\Drivers\STM32F7xx_HAL_Driver\Src\stm32f7xx_hal_tim.c 0x00000000   Number         0  stm32f7xx_hal_tim.o ABSOLUTE
    ..\Drivers\STM32F7xx_HAL_Driver\Src\stm32f7xx_hal_tim_ex.c 0x00000000   Number         0  stm32f7xx_hal_tim_ex.o ABSOLUTE
    ..\Drivers\STM32F7xx_HAL_Driver\Src\stm32f7xx_hal_uart.c 0x00000000   Number         0  stm32f7xx_hal_uart.o ABSOLUTE
    ..\Src\main.c                            0x00000000   Number         0  main.o ABSOLUTE
    ..\Src\stm32f7xx_hal_msp.c               0x00000000   Number         0  stm32f7xx_hal_msp.o ABSOLUTE
    ..\Src\stm32f7xx_it.c                    0x00000000   Number         0  stm32f7xx_it.o ABSOLUTE
    ..\Src\system_stm32f7xx.c                0x00000000   Number         0  system_stm32f7xx.o ABSOLUTE
    cdrcmple.s                               0x00000000   Number         0  cdrcmple.o ABSOLUTE
    dc.s                                     0x00000000   Number         0  dc.o ABSOLUTE
    dht11.c                                  0x00000000   Number         0  dht11.o ABSOLUTE
    dht11.c                                  0x00000000   Number         0  dht11.o ABSOLUTE
    dwt_stm32_delay.c                        0x00000000   Number         0  dwt_stm32_delay.o ABSOLUTE
    dwt_stm32_delay.c                        0x00000000   Number         0  dwt_stm32_delay.o ABSOLUTE
    handlers.s                               0x00000000   Number         0  handlers.o ABSOLUTE
    hw_layer.c                               0x00000000   Number         0  hw_layer.o ABSOLUTE
    hw_layer.c                               0x00000000   Number         0  hw_layer.o ABSOLUTE
    init.s                                   0x00000000   Number         0  init.o ABSOLUTE
    main_injection.c                         0x00000000   Number         0  main_injection.o ABSOLUTE
    main_injection.c                         0x00000000   Number         0  main_injection.o ABSOLUTE
    serial.c                                 0x00000000   Number         0  serial.o ABSOLUTE
    serial.c                                 0x00000000   Number         0  serial.o ABSOLUTE
    startup_stm32f767xx.s                    0x00000000   Number         0  startup_stm32f767xx.o ABSOLUTE
    task_manager.c                           0x00000000   Number         0  task_manager.o ABSOLUTE
    task_manager.c                           0x00000000   Number         0  task_manager.o ABSOLUTE
    RESET                                    0x08000000   Section      504  startup_stm32f767xx.o(RESET)
    .ARM.Collect$$$$00000000                 0x080001f8   Section        0  entry.o(.ARM.Collect$$$$00000000)
    .ARM.Collect$$$$00000001                 0x080001f8   Section        4  entry2.o(.ARM.Collect$$$$00000001)
    .ARM.Collect$$$$00000004                 0x080001fc   Section        4  entry5.o(.ARM.Collect$$$$00000004)
    .ARM.Collect$$$$00000008                 0x08000200   Section        0  entry7b.o(.ARM.Collect$$$$00000008)
    .ARM.Collect$$$$0000000A                 0x08000200   Section        0  entry8b.o(.ARM.Collect$$$$0000000A)
    .ARM.Collect$$$$0000000B                 0x08000200   Section        8  entry9a.o(.ARM.Collect$$$$0000000B)
    .ARM.Collect$$$$0000000D                 0x08000208   Section        0  entry10a.o(.ARM.Collect$$$$0000000D)
    .ARM.Collect$$$$0000000F                 0x08000208   Section        0  entry11a.o(.ARM.Collect$$$$0000000F)
    .ARM.Collect$$$$00002712                 0x08000208   Section        4  entry2.o(.ARM.Collect$$$$00002712)
    __lit__00000000                          0x08000208   Data           4  entry2.o(.ARM.Collect$$$$00002712)
    .text                                    0x0800020c   Section       36  startup_stm32f767xx.o(.text)
    $v0                                      0x0800020c   Number         0  startup_stm32f767xx.o(.text)
    .text                                    0x08000230   Section        0  atoi.o(.text)
    .text                                    0x0800024a   Section        0  uidiv.o(.text)
    .text                                    0x08000276   Section        0  strtol.o(.text)
    .text                                    0x080002e8   Section       36  init.o(.text)
    .text                                    0x0800030c   Section        0  ctype_o.o(.text)
    .text                                    0x08000314   Section        0  _strtoul.o(.text)
    .text                                    0x080003b2   Section        0  _chval.o(.text)
    i.ADC_Init                               0x080003d0   Section        0  stm32f7xx_hal_adc.o(i.ADC_Init)
    ADC_Init                                 0x080003d1   Thumb Code   294  stm32f7xx_hal_adc.o(i.ADC_Init)
    i.AddTask                                0x08000504   Section        0  task_manager.o(i.AddTask)
    i.BeginSerialStringHandling              0x08000540   Section        0  serial.o(i.BeginSerialStringHandling)
    i.CyclePrintInfo                         0x08000554   Section        0  main_injection.o(i.CyclePrintInfo)
    i.DWT_Delay_Init                         0x080005b8   Section        0  dwt_stm32_delay.o(i.DWT_Delay_Init)
    i.DispatchTasks                          0x080005fc   Section        0  task_manager.o(i.DispatchTasks)
    i.GetDhtGetUs                            0x08000658   Section        0  dht11.o(i.GetDhtGetUs)
    i.GetHumidity                            0x080006cc   Section        0  hw_layer.o(i.GetHumidity)
    i.GetLightSaturation                     0x080006f4   Section        0  hw_layer.o(i.GetLightSaturation)
    i.GetPowerConsumption                    0x080006fc   Section        0  hw_layer.o(i.GetPowerConsumption)
    i.GetSoilMoisture                        0x08000724   Section        0  hw_layer.o(i.GetSoilMoisture)
    i.GetTemperature                         0x0800072c   Section        0  hw_layer.o(i.GetTemperature)
    i.HAL_ADC_ConfigChannel                  0x08000754   Section        0  stm32f7xx_hal_adc.o(i.HAL_ADC_ConfigChannel)
    i.HAL_ADC_GetValue                       0x080008b8   Section        0  stm32f7xx_hal_adc.o(i.HAL_ADC_GetValue)
    i.HAL_ADC_Init                           0x080008be   Section        0  stm32f7xx_hal_adc.o(i.HAL_ADC_Init)
    i.HAL_ADC_MspInit                        0x08000914   Section        0  stm32f7xx_hal_msp.o(i.HAL_ADC_MspInit)
    i.HAL_ADC_PollForConversion              0x0800096c   Section        0  stm32f7xx_hal_adc.o(i.HAL_ADC_PollForConversion)
    i.HAL_ADC_Start                          0x08000a0c   Section        0  stm32f7xx_hal_adc.o(i.HAL_ADC_Start)
    i.HAL_ADC_Stop                           0x08000ac4   Section        0  stm32f7xx_hal_adc.o(i.HAL_ADC_Stop)
    i.HAL_DMA_Abort_IT                       0x08000b00   Section        0  stm32f7xx_hal_dma.o(i.HAL_DMA_Abort_IT)
    i.HAL_Delay                              0x08000b24   Section        0  stm32f7xx_hal.o(i.HAL_Delay)
    i.HAL_GPIO_Init                          0x08000b3c   Section        0  stm32f7xx_hal_gpio.o(i.HAL_GPIO_Init)
    i.HAL_GPIO_ReadPin                       0x08000d14   Section        0  stm32f7xx_hal_gpio.o(i.HAL_GPIO_ReadPin)
    i.HAL_GPIO_WritePin                      0x08000d1e   Section        0  stm32f7xx_hal_gpio.o(i.HAL_GPIO_WritePin)
    i.HAL_GetTick                            0x08000d28   Section        0  stm32f7xx_hal.o(i.HAL_GetTick)
    i.HAL_IncTick                            0x08000d34   Section        0  stm32f7xx_hal.o(i.HAL_IncTick)
    i.HAL_Init                               0x08000d44   Section        0  stm32f7xx_hal.o(i.HAL_Init)
    i.HAL_InitTick                           0x08000d5c   Section        0  stm32f7xx_hal.o(i.HAL_InitTick)
    i.HAL_MspInit                            0x08000d84   Section        0  stm32f7xx_hal_msp.o(i.HAL_MspInit)
    i.HAL_NVIC_EnableIRQ                     0x08000ddc   Section        0  stm32f7xx_hal_cortex.o(i.HAL_NVIC_EnableIRQ)
    i.HAL_NVIC_SetPriority                   0x08000df4   Section        0  stm32f7xx_hal_cortex.o(i.HAL_NVIC_SetPriority)
    i.HAL_NVIC_SetPriorityGrouping           0x08000e34   Section        0  stm32f7xx_hal_cortex.o(i.HAL_NVIC_SetPriorityGrouping)
    i.HAL_PWREx_EnableOverDrive              0x08000e58   Section        0  stm32f7xx_hal_pwr_ex.o(i.HAL_PWREx_EnableOverDrive)
    i.HAL_RCCEx_PeriphCLKConfig              0x08000ec4   Section        0  stm32f7xx_hal_rcc_ex.o(i.HAL_RCCEx_PeriphCLKConfig)
    i.HAL_RCC_ClockConfig                    0x08001400   Section        0  stm32f7xx_hal_rcc.o(i.HAL_RCC_ClockConfig)
    i.HAL_RCC_GetHCLKFreq                    0x08001514   Section        0  stm32f7xx_hal_rcc.o(i.HAL_RCC_GetHCLKFreq)
    i.HAL_RCC_GetPCLK1Freq                   0x08001520   Section        0  stm32f7xx_hal_rcc.o(i.HAL_RCC_GetPCLK1Freq)
    i.HAL_RCC_GetPCLK2Freq                   0x08001540   Section        0  stm32f7xx_hal_rcc.o(i.HAL_RCC_GetPCLK2Freq)
    i.HAL_RCC_GetSysClockFreq                0x08001560   Section        0  stm32f7xx_hal_rcc.o(i.HAL_RCC_GetSysClockFreq)
    i.HAL_RCC_OscConfig                      0x080015a4   Section        0  stm32f7xx_hal_rcc.o(i.HAL_RCC_OscConfig)
    i.HAL_SYSTICK_CLKSourceConfig            0x080018e0   Section        0  stm32f7xx_hal_cortex.o(i.HAL_SYSTICK_CLKSourceConfig)
    i.HAL_SYSTICK_Callback                   0x080018f8   Section        0  stm32f7xx_hal_cortex.o(i.HAL_SYSTICK_Callback)
    i.HAL_SYSTICK_Config                     0x080018fa   Section        0  stm32f7xx_hal_cortex.o(i.HAL_SYSTICK_Config)
    i.HAL_SYSTICK_IRQHandler                 0x08001920   Section        0  stm32f7xx_hal_cortex.o(i.HAL_SYSTICK_IRQHandler)
    i.HAL_TIMEx_MasterConfigSynchronization  0x08001928   Section        0  stm32f7xx_hal_tim_ex.o(i.HAL_TIMEx_MasterConfigSynchronization)
    i.HAL_TIM_Base_Init                      0x08001980   Section        0  stm32f7xx_hal_tim.o(i.HAL_TIM_Base_Init)
    i.HAL_TIM_Base_MspInit                   0x080019b8   Section        0  stm32f7xx_hal_msp.o(i.HAL_TIM_Base_MspInit)
    i.HAL_TIM_ConfigClockSource              0x080019f8   Section        0  stm32f7xx_hal_tim.o(i.HAL_TIM_ConfigClockSource)
    i.HAL_TIM_MspPostInit                    0x08001af4   Section        0  stm32f7xx_hal_msp.o(i.HAL_TIM_MspPostInit)
    i.HAL_TIM_PWM_ConfigChannel              0x08001b48   Section        0  stm32f7xx_hal_tim_ex.o(i.HAL_TIM_PWM_ConfigChannel)
    i.HAL_TIM_PWM_Init                       0x08001c70   Section        0  stm32f7xx_hal_tim.o(i.HAL_TIM_PWM_Init)
    i.HAL_TIM_PWM_MspInit                    0x08001ca6   Section        0  stm32f7xx_hal_tim.o(i.HAL_TIM_PWM_MspInit)
    i.HAL_TIM_PWM_Start                      0x08001ca8   Section        0  stm32f7xx_hal_tim.o(i.HAL_TIM_PWM_Start)
    i.HAL_UART_ErrorCallback                 0x08001ce0   Section        0  stm32f7xx_hal_uart.o(i.HAL_UART_ErrorCallback)
    i.HAL_UART_IRQHandler                    0x08001ce4   Section        0  stm32f7xx_hal_uart.o(i.HAL_UART_IRQHandler)
    i.HAL_UART_Init                          0x08001e5c   Section        0  stm32f7xx_hal_uart.o(i.HAL_UART_Init)
    i.HAL_UART_MspInit                       0x08001ec8   Section        0  stm32f7xx_hal_msp.o(i.HAL_UART_MspInit)
    i.HAL_UART_Receive_IT                    0x08001f20   Section        0  stm32f7xx_hal_uart.o(i.HAL_UART_Receive_IT)
    i.HAL_UART_RxCpltCallback                0x08001fb0   Section        0  serial.o(i.HAL_UART_RxCpltCallback)
    i.HAL_UART_Transmit_IT                   0x08001ffc   Section        0  stm32f7xx_hal_uart.o(i.HAL_UART_Transmit_IT)
    i.HAL_UART_TxCpltCallback                0x0800203e   Section        0  stm32f7xx_hal_uart.o(i.HAL_UART_TxCpltCallback)
    i.HandleHostString                       0x08002040   Section        0  main_injection.o(i.HandleHostString)
    i.InitDht11                              0x080020b4   Section        0  dht11.o(i.InitDht11)
    i.Init_Peripheral                        0x080020dc   Section        0  main_injection.o(i.Init_Peripheral)
    i.Init_hw                                0x08002174   Section        0  hw_layer.o(i.Init_hw)
    i.Loop                                   0x08002180   Section        0  main_injection.o(i.Loop)
    i.MX_ADC1_Init                           0x08002184   Section        0  main.o(i.MX_ADC1_Init)
    MX_ADC1_Init                             0x08002185   Thumb Code    70  main.o(i.MX_ADC1_Init)
    i.MX_GPIO_Init                           0x080021d8   Section        0  main.o(i.MX_GPIO_Init)
    MX_GPIO_Init                             0x080021d9   Thumb Code   122  main.o(i.MX_GPIO_Init)
    i.MX_TIM3_Init                           0x0800225c   Section        0  main.o(i.MX_TIM3_Init)
    MX_TIM3_Init                             0x0800225d   Thumb Code   126  main.o(i.MX_TIM3_Init)
    i.MX_TIM4_Init                           0x080022e4   Section        0  main.o(i.MX_TIM4_Init)
    MX_TIM4_Init                             0x080022e5   Thumb Code   126  main.o(i.MX_TIM4_Init)
    i.MX_USART3_UART_Init                    0x0800236c   Section        0  main.o(i.MX_USART3_UART_Init)
    MX_USART3_UART_Init                      0x0800236d   Thumb Code    46  main.o(i.MX_USART3_UART_Init)
    i.NVIC_SetPriority                       0x080023a4   Section        0  stm32f7xx_hal_cortex.o(i.NVIC_SetPriority)
    NVIC_SetPriority                         0x080023a5   Thumb Code    34  stm32f7xx_hal_cortex.o(i.NVIC_SetPriority)
    i.PendSV_Handler                         0x080023c6   Section        0  stm32f7xx_it.o(i.PendSV_Handler)
    i.ReadAnalog                             0x080023c8   Section        0  hw_layer.o(i.ReadAnalog)
    ReadAnalog                               0x080023c9   Thumb Code    52  hw_layer.o(i.ReadAnalog)
    i.SVC_Handler                            0x08002400   Section        0  stm32f7xx_it.o(i.SVC_Handler)
    i.SetControlState                        0x08002402   Section        0  hw_layer.o(i.SetControlState)
    i.SetControlValue                        0x08002406   Section        0  main_injection.o(i.SetControlValue)
    i.SysTick_Handler                        0x0800241c   Section        0  stm32f7xx_it.o(i.SysTick_Handler)
    i.SystemClock_Config                     0x0800242c   Section        0  main.o(i.SystemClock_Config)
    i.SystemInit                             0x080024e4   Section        0  system_stm32f7xx.o(i.SystemInit)
    i.TIM_Base_SetConfig                     0x08002538   Section        0  stm32f7xx_hal_tim.o(i.TIM_Base_SetConfig)
    i.TIM_CCxChannelCmd                      0x08002604   Section        0  stm32f7xx_hal_tim.o(i.TIM_CCxChannelCmd)
    i.TIM_ETR_SetConfig                      0x0800261a   Section        0  stm32f7xx_hal_tim.o(i.TIM_ETR_SetConfig)
    i.TIM_ITRx_SetConfig                     0x0800262c   Section        0  stm32f7xx_hal_tim.o(i.TIM_ITRx_SetConfig)
    TIM_ITRx_SetConfig                       0x0800262d   Thumb Code    16  stm32f7xx_hal_tim.o(i.TIM_ITRx_SetConfig)
    i.TIM_OC1_SetConfig                      0x0800263c   Section        0  stm32f7xx_hal_tim.o(i.TIM_OC1_SetConfig)
    i.TIM_OC2_SetConfig                      0x080026a4   Section        0  stm32f7xx_hal_tim.o(i.TIM_OC2_SetConfig)
    i.TIM_OC3_SetConfig                      0x08002710   Section        0  stm32f7xx_hal_tim.o(i.TIM_OC3_SetConfig)
    i.TIM_OC4_SetConfig                      0x0800277c   Section        0  stm32f7xx_hal_tim.o(i.TIM_OC4_SetConfig)
    i.TIM_OC5_SetConfig                      0x080027d4   Section        0  stm32f7xx_hal_tim_ex.o(i.TIM_OC5_SetConfig)
    TIM_OC5_SetConfig                        0x080027d5   Thumb Code    74  stm32f7xx_hal_tim_ex.o(i.TIM_OC5_SetConfig)
    i.TIM_OC6_SetConfig                      0x0800282c   Section        0  stm32f7xx_hal_tim_ex.o(i.TIM_OC6_SetConfig)
    TIM_OC6_SetConfig                        0x0800282d   Thumb Code    74  stm32f7xx_hal_tim_ex.o(i.TIM_OC6_SetConfig)
    i.TIM_TI1_ConfigInputStage               0x08002884   Section        0  stm32f7xx_hal_tim.o(i.TIM_TI1_ConfigInputStage)
    TIM_TI1_ConfigInputStage                 0x08002885   Thumb Code    34  stm32f7xx_hal_tim.o(i.TIM_TI1_ConfigInputStage)
    i.TIM_TI2_ConfigInputStage               0x080028a6   Section        0  stm32f7xx_hal_tim.o(i.TIM_TI2_ConfigInputStage)
    TIM_TI2_ConfigInputStage                 0x080028a7   Thumb Code    36  stm32f7xx_hal_tim.o(i.TIM_TI2_ConfigInputStage)
    i.UART_AdvFeatureConfig                  0x080028ca   Section        0  stm32f7xx_hal_uart.o(i.UART_AdvFeatureConfig)
    i.UART_CheckIdleState                    0x08002992   Section        0  stm32f7xx_hal_uart.o(i.UART_CheckIdleState)
    i.UART_DMAAbortOnError                   0x080029d2   Section        0  stm32f7xx_hal_uart.o(i.UART_DMAAbortOnError)
    UART_DMAAbortOnError                     0x080029d3   Thumb Code    20  stm32f7xx_hal_uart.o(i.UART_DMAAbortOnError)
    i.UART_EndRxTransfer                     0x080029e6   Section        0  stm32f7xx_hal_uart.o(i.UART_EndRxTransfer)
    UART_EndRxTransfer                       0x080029e7   Thumb Code    28  stm32f7xx_hal_uart.o(i.UART_EndRxTransfer)
    i.UART_Receive_IT                        0x08002a02   Section        0  stm32f7xx_hal_uart.o(i.UART_Receive_IT)
    UART_Receive_IT                          0x08002a03   Thumb Code   120  stm32f7xx_hal_uart.o(i.UART_Receive_IT)
    i.UART_SetConfig                         0x08002a7c   Section        0  stm32f7xx_hal_uart.o(i.UART_SetConfig)
    i.UART_WaitOnFlagUntilTimeout            0x08002cd4   Section        0  stm32f7xx_hal_uart.o(i.UART_WaitOnFlagUntilTimeout)
    i.USART3_IRQHandler                      0x08002d38   Section        0  stm32f7xx_it.o(i.USART3_IRQHandler)
    i.UpdateDHT                              0x08002d44   Section        0  hw_layer.o(i.UpdateDHT)
    UpdateDHT                                0x08002d45   Thumb Code    56  hw_layer.o(i.UpdateDHT)
    i.UpdateDht11                            0x08002d80   Section        0  dht11.o(i.UpdateDht11)
    i.__0sprintf$6                           0x08002e44   Section        0  printf6.o(i.__0sprintf$6)
    i.__aeabi_errno_addr                     0x08002e6c   Section        0  errno.o(i.__aeabi_errno_addr)
    i.__scatterload_copy                     0x08002e74   Section       14  handlers.o(i.__scatterload_copy)
    i.__scatterload_null                     0x08002e82   Section        2  handlers.o(i.__scatterload_null)
    i.__scatterload_zeroinit                 0x08002e84   Section       14  handlers.o(i.__scatterload_zeroinit)
    i._printf_core                           0x08002e94   Section        0  printf6.o(i._printf_core)
    _printf_core                             0x08002e95   Thumb Code   748  printf6.o(i._printf_core)
    i._printf_post_padding                   0x08003184   Section        0  printf6.o(i._printf_post_padding)
    _printf_post_padding                     0x08003185   Thumb Code    36  printf6.o(i._printf_post_padding)
    i._printf_pre_padding                    0x080031a8   Section        0  printf6.o(i._printf_pre_padding)
    _printf_pre_padding                      0x080031a9   Thumb Code    46  printf6.o(i._printf_pre_padding)
    i._sputc                                 0x080031d6   Section        0  printf6.o(i._sputc)
    _sputc                                   0x080031d7   Thumb Code    10  printf6.o(i._sputc)
    i.free                                   0x080031e0   Section        0  malloc.o(i.free)
    i.main                                   0x08003230   Section        0  main.o(i.main)
    i.malloc                                 0x08003258   Section        0  malloc.o(i.malloc)
    .constdata                               0x080032c4   Section       16  system_stm32f7xx.o(.constdata)
    .constdata                               0x080032d4   Section        8  system_stm32f7xx.o(.constdata)
    .constdata                               0x080032dc   Section      129  ctype_o.o(.constdata)
    .constdata                               0x08003360   Section        4  ctype_o.o(.constdata)
    table                                    0x08003360   Data           4  ctype_o.o(.constdata)
    .data                                    0x20000000   Section        4  stm32f7xx_hal.o(.data)
    .data                                    0x20000004   Section        4  system_stm32f7xx.o(.data)
    .data                                    0x20000008   Section       13  dht11.o(.data)
    pin                                      0x2000000a   Data           2  dht11.o(.data)
    GPIOx                                    0x2000000c   Data           4  dht11.o(.data)
    data                                     0x20000010   Data           5  dht11.o(.data)
    .data                                    0x20000018   Section        4  hw_layer.o(.data)
    lastUpdate                               0x20000018   Data           4  hw_layer.o(.data)
    .data                                    0x2000001c   Section        8  task_manager.o(.data)
    head                                     0x2000001c   Data           4  task_manager.o(.data)
    end                                      0x20000020   Data           4  task_manager.o(.data)
    .data                                    0x20000024   Section       16  serial.o(.data)
    ch                                       0x20000024   Data           1  serial.o(.data)
    terminator                               0x20000025   Data           1  serial.o(.data)
    pos                                      0x20000028   Data           4  serial.o(.data)
    target                                   0x2000002c   Data           4  serial.o(.data)
    handler                                  0x20000030   Data           4  serial.o(.data)
    .data                                    0x20000034   Section        4  mvars.o(.data)
    .data                                    0x20000038   Section        4  mvars.o(.data)
    .data                                    0x2000003c   Section        4  errno.o(.data)
    _errno                                   0x2000003c   Data           4  errno.o(.data)
    .bss                                     0x20000040   Section      312  main.o(.bss)
    .bss                                     0x20000178   Section       50  serial.o(.bss)
    .bss                                     0x200001aa   Section       30  serial.o(.bss)
    rxBuf                                    0x200001aa   Data          30  serial.o(.bss)
    HEAP                                     0x200001c8   Section      512  startup_stm32f767xx.o(HEAP)
    STACK                                    0x200003c8   Section     1024  startup_stm32f767xx.o(STACK)

    Global Symbols

    Symbol Name                              Value     Ov Type        Size  Object(Section)

    BuildAttributes$$THM_ISAv4$E$P$D$K$B$S$7EM$VFPv5_D16$PE$PLD8$A:L22UL41UL21$X:L11$S22US41US21$IEEE1$IW$USESV6$~STKCKD$USESV7$~SHL$OSPACE$ROPI$EBA8$MICROLIB$REQ8$PRES8$EABIv2 0x00000000   Number         0  anon$$obj.o ABSOLUTE
    __ARM_use_no_argv                        0x00000000   Number         0  main.o ABSOLUTE
    _printf_a                                0x00000000   Number         0  stubs.o ABSOLUTE
    _printf_c                                0x00000000   Number         0  stubs.o ABSOLUTE
    _printf_charcount                        0x00000000   Number         0  stubs.o ABSOLUTE
    _printf_d                                0x00000000   Number         0  stubs.o ABSOLUTE
    _printf_e                                0x00000000   Number         0  stubs.o ABSOLUTE
    _printf_f                                0x00000000   Number         0  stubs.o ABSOLUTE
    _printf_flags                            0x00000000   Number         0  stubs.o ABSOLUTE
    _printf_fp_dec                           0x00000000   Number         0  stubs.o ABSOLUTE
    _printf_fp_hex                           0x00000000   Number         0  stubs.o ABSOLUTE
    _printf_g                                0x00000000   Number         0  stubs.o ABSOLUTE
    _printf_i                                0x00000000   Number         0  stubs.o ABSOLUTE
    _printf_int_dec                          0x00000000   Number         0  stubs.o ABSOLUTE
    _printf_l                                0x00000000   Number         0  stubs.o ABSOLUTE
    _printf_lc                               0x00000000   Number         0  stubs.o ABSOLUTE
    _printf_ll                               0x00000000   Number         0  stubs.o ABSOLUTE
    _printf_lld                              0x00000000   Number         0  stubs.o ABSOLUTE
    _printf_lli                              0x00000000   Number         0  stubs.o ABSOLUTE
    _printf_llo                              0x00000000   Number         0  stubs.o ABSOLUTE
    _printf_llu                              0x00000000   Number         0  stubs.o ABSOLUTE
    _printf_llx                              0x00000000   Number         0  stubs.o ABSOLUTE
    _printf_longlong_dec                     0x00000000   Number         0  stubs.o ABSOLUTE
    _printf_longlong_hex                     0x00000000   Number         0  stubs.o ABSOLUTE
    _printf_longlong_oct                     0x00000000   Number         0  stubs.o ABSOLUTE
    _printf_ls                               0x00000000   Number         0  stubs.o ABSOLUTE
    _printf_mbtowc                           0x00000000   Number         0  stubs.o ABSOLUTE
    _printf_n                                0x00000000   Number         0  stubs.o ABSOLUTE
    _printf_o                                0x00000000   Number         0  stubs.o ABSOLUTE
    _printf_p                                0x00000000   Number         0  stubs.o ABSOLUTE
    _printf_percent                          0x00000000   Number         0  stubs.o ABSOLUTE
    _printf_pre_padding                      0x00000000   Number         0  stubs.o ABSOLUTE
    _printf_return_value                     0x00000000   Number         0  stubs.o ABSOLUTE
    _printf_s                                0x00000000   Number         0  stubs.o ABSOLUTE
    _printf_sizespec                         0x00000000   Number         0  stubs.o ABSOLUTE
    _printf_str                              0x00000000   Number         0  stubs.o ABSOLUTE
    _printf_truncate_signed                  0x00000000   Number         0  stubs.o ABSOLUTE
    _printf_truncate_unsigned                0x00000000   Number         0  stubs.o ABSOLUTE
    _printf_u                                0x00000000   Number         0  stubs.o ABSOLUTE
    _printf_wc                               0x00000000   Number         0  stubs.o ABSOLUTE
    _printf_wctomb                           0x00000000   Number         0  stubs.o ABSOLUTE
    _printf_widthprec                        0x00000000   Number         0  stubs.o ABSOLUTE
    _printf_x                                0x00000000   Number         0  stubs.o ABSOLUTE
    __cpp_initialize__aeabi_                  - Undefined Weak Reference
    __cxa_finalize                            - Undefined Weak Reference
    __decompress                              - Undefined Weak Reference
    _clock_init                               - Undefined Weak Reference
    _microlib_exit                            - Undefined Weak Reference
    __Vectors_Size                           0x000001f8   Number         0  startup_stm32f767xx.o ABSOLUTE
    __Vectors                                0x08000000   Data           4  startup_stm32f767xx.o(RESET)
    __Vectors_End                            0x080001f8   Data           0  startup_stm32f767xx.o(RESET)
    __main                                   0x080001f9   Thumb Code     0  entry.o(.ARM.Collect$$$$00000000)
    _main_stk                                0x080001f9   Thumb Code     0  entry2.o(.ARM.Collect$$$$00000001)
    _main_scatterload                        0x080001fd   Thumb Code     0  entry5.o(.ARM.Collect$$$$00000004)
    __main_after_scatterload                 0x08000201   Thumb Code     0  entry5.o(.ARM.Collect$$$$00000004)
    _main_clock                              0x08000201   Thumb Code     0  entry7b.o(.ARM.Collect$$$$00000008)
    _main_cpp_init                           0x08000201   Thumb Code     0  entry8b.o(.ARM.Collect$$$$0000000A)
    _main_init                               0x08000201   Thumb Code     0  entry9a.o(.ARM.Collect$$$$0000000B)
    __rt_final_cpp                           0x08000209   Thumb Code     0  entry10a.o(.ARM.Collect$$$$0000000D)
    __rt_final_exit                          0x08000209   Thumb Code     0  entry11a.o(.ARM.Collect$$$$0000000F)
    Reset_Handler                            0x0800020d   Thumb Code     8  startup_stm32f767xx.o(.text)
    NMI_Handler                              0x08000215   Thumb Code     2  startup_stm32f767xx.o(.text)
    HardFault_Handler                        0x08000217   Thumb Code     2  startup_stm32f767xx.o(.text)
    MemManage_Handler                        0x08000219   Thumb Code     2  startup_stm32f767xx.o(.text)
    BusFault_Handler                         0x0800021b   Thumb Code     2  startup_stm32f767xx.o(.text)
    UsageFault_Handler                       0x0800021d   Thumb Code     2  startup_stm32f767xx.o(.text)
    DebugMon_Handler                         0x08000221   Thumb Code     2  startup_stm32f767xx.o(.text)
    ADC_IRQHandler                           0x08000227   Thumb Code     0  startup_stm32f767xx.o(.text)
    CAN1_RX0_IRQHandler                      0x08000227   Thumb Code     0  startup_stm32f767xx.o(.text)
    CAN1_RX1_IRQHandler                      0x08000227   Thumb Code     0  startup_stm32f767xx.o(.text)
    CAN1_SCE_IRQHandler                      0x08000227   Thumb Code     0  startup_stm32f767xx.o(.text)
    CAN1_TX_IRQHandler                       0x08000227   Thumb Code     0  startup_stm32f767xx.o(.text)
    CAN2_RX0_IRQHandler                      0x08000227   Thumb Code     0  startup_stm32f767xx.o(.text)
    CAN2_RX1_IRQHandler                      0x08000227   Thumb Code     0  startup_stm32f767xx.o(.text)
    CAN2_SCE_IRQHandler                      0x08000227   Thumb Code     0  startup_stm32f767xx.o(.text)
    CAN2_TX_IRQHandler                       0x08000227   Thumb Code     0  startup_stm32f767xx.o(.text)
    CAN3_RX0_IRQHandler                      0x08000227   Thumb Code     0  startup_stm32f767xx.o(.text)
    CAN3_RX1_IRQHandler                      0x08000227   Thumb Code     0  startup_stm32f767xx.o(.text)
    CAN3_SCE_IRQHandler                      0x08000227   Thumb Code     0  startup_stm32f767xx.o(.text)
    CAN3_TX_IRQHandler                       0x08000227   Thumb Code     0  startup_stm32f767xx.o(.text)
    CEC_IRQHandler                           0x08000227   Thumb Code     0  startup_stm32f767xx.o(.text)
    DCMI_IRQHandler                          0x08000227   Thumb Code     0  startup_stm32f767xx.o(.text)
    DFSDM1_FLT0_IRQHandler                   0x08000227   Thumb Code     0  startup_stm32f767xx.o(.text)
    DFSDM1_FLT1_IRQHandler                   0x08000227   Thumb Code     0  startup_stm32f767xx.o(.text)
    DFSDM1_FLT2_IRQHandler                   0x08000227   Thumb Code     0  startup_stm32f767xx.o(.text)
    DFSDM1_FLT3_IRQHandler                   0x08000227   Thumb Code     0  startup_stm32f767xx.o(.text)
    DMA1_Stream0_IRQHandler                  0x08000227   Thumb Code     0  startup_stm32f767xx.o(.text)
    DMA1_Stream1_IRQHandler                  0x08000227   Thumb Code     0  startup_stm32f767xx.o(.text)
    DMA1_Stream2_IRQHandler                  0x08000227   Thumb Code     0  startup_stm32f767xx.o(.text)
    DMA1_Stream3_IRQHandler                  0x08000227   Thumb Code     0  startup_stm32f767xx.o(.text)
    DMA1_Stream4_IRQHandler                  0x08000227   Thumb Code     0  startup_stm32f767xx.o(.text)
    DMA1_Stream5_IRQHandler                  0x08000227   Thumb Code     0  startup_stm32f767xx.o(.text)
    DMA1_Stream6_IRQHandler                  0x08000227   Thumb Code     0  startup_stm32f767xx.o(.text)
    DMA1_Stream7_IRQHandler                  0x08000227   Thumb Code     0  startup_stm32f767xx.o(.text)
    DMA2D_IRQHandler                         0x08000227   Thumb Code     0  startup_stm32f767xx.o(.text)
    DMA2_Stream0_IRQHandler                  0x08000227   Thumb Code     0  startup_stm32f767xx.o(.text)
    DMA2_Stream1_IRQHandler                  0x08000227   Thumb Code     0  startup_stm32f767xx.o(.text)
    DMA2_Stream2_IRQHandler                  0x08000227   Thumb Code     0  startup_stm32f767xx.o(.text)
    DMA2_Stream3_IRQHandler                  0x08000227   Thumb Code     0  startup_stm32f767xx.o(.text)
    DMA2_Stream4_IRQHandler                  0x08000227   Thumb Code     0  startup_stm32f767xx.o(.text)
    DMA2_Stream5_IRQHandler                  0x08000227   Thumb Code     0  startup_stm32f767xx.o(.text)
    DMA2_Stream6_IRQHandler                  0x08000227   Thumb Code     0  startup_stm32f767xx.o(.text)
    DMA2_Stream7_IRQHandler                  0x08000227   Thumb Code     0  startup_stm32f767xx.o(.text)
    ETH_IRQHandler                           0x08000227   Thumb Code     0  startup_stm32f767xx.o(.text)
    ETH_WKUP_IRQHandler                      0x08000227   Thumb Code     0  startup_stm32f767xx.o(.text)
    EXTI0_IRQHandler                         0x08000227   Thumb Code     0  startup_stm32f767xx.o(.text)
    EXTI15_10_IRQHandler                     0x08000227   Thumb Code     0  startup_stm32f767xx.o(.text)
    EXTI1_IRQHandler                         0x08000227   Thumb Code     0  startup_stm32f767xx.o(.text)
    EXTI2_IRQHandler                         0x08000227   Thumb Code     0  startup_stm32f767xx.o(.text)
    EXTI3_IRQHandler                         0x08000227   Thumb Code     0  startup_stm32f767xx.o(.text)
    EXTI4_IRQHandler                         0x08000227   Thumb Code     0  startup_stm32f767xx.o(.text)
    EXTI9_5_IRQHandler                       0x08000227   Thumb Code     0  startup_stm32f767xx.o(.text)
    FLASH_IRQHandler                         0x08000227   Thumb Code     0  startup_stm32f767xx.o(.text)
    FMC_IRQHandler                           0x08000227   Thumb Code     0  startup_stm32f767xx.o(.text)
    FPU_IRQHandler                           0x08000227   Thumb Code     0  startup_stm32f767xx.o(.text)
    I2C1_ER_IRQHandler                       0x08000227   Thumb Code     0  startup_stm32f767xx.o(.text)
    I2C1_EV_IRQHandler                       0x08000227   Thumb Code     0  startup_stm32f767xx.o(.text)
    I2C2_ER_IRQHandler                       0x08000227   Thumb Code     0  startup_stm32f767xx.o(.text)
    I2C2_EV_IRQHandler                       0x08000227   Thumb Code     0  startup_stm32f767xx.o(.text)
    I2C3_ER_IRQHandler                       0x08000227   Thumb Code     0  startup_stm32f767xx.o(.text)
    I2C3_EV_IRQHandler                       0x08000227   Thumb Code     0  startup_stm32f767xx.o(.text)
    I2C4_ER_IRQHandler                       0x08000227   Thumb Code     0  startup_stm32f767xx.o(.text)
    I2C4_EV_IRQHandler                       0x08000227   Thumb Code     0  startup_stm32f767xx.o(.text)
    JPEG_IRQHandler                          0x08000227   Thumb Code     0  startup_stm32f767xx.o(.text)
    LPTIM1_IRQHandler                        0x08000227   Thumb Code     0  startup_stm32f767xx.o(.text)
    LTDC_ER_IRQHandler                       0x08000227   Thumb Code     0  startup_stm32f767xx.o(.text)
    LTDC_IRQHandler                          0x08000227   Thumb Code     0  startup_stm32f767xx.o(.text)
    MDIOS_IRQHandler                         0x08000227   Thumb Code     0  startup_stm32f767xx.o(.text)
    OTG_FS_IRQHandler                        0x08000227   Thumb Code     0  startup_stm32f767xx.o(.text)
    OTG_FS_WKUP_IRQHandler                   0x08000227   Thumb Code     0  startup_stm32f767xx.o(.text)
    OTG_HS_EP1_IN_IRQHandler                 0x08000227   Thumb Code     0  startup_stm32f767xx.o(.text)
    OTG_HS_EP1_OUT_IRQHandler                0x08000227   Thumb Code     0  startup_stm32f767xx.o(.text)
    OTG_HS_IRQHandler                        0x08000227   Thumb Code     0  startup_stm32f767xx.o(.text)
    OTG_HS_WKUP_IRQHandler                   0x08000227   Thumb Code     0  startup_stm32f767xx.o(.text)
    PVD_IRQHandler                           0x08000227   Thumb Code     0  startup_stm32f767xx.o(.text)
    QUADSPI_IRQHandler                       0x08000227   Thumb Code     0  startup_stm32f767xx.o(.text)
    RCC_IRQHandler                           0x08000227   Thumb Code     0  startup_stm32f767xx.o(.text)
    RNG_IRQHandler                           0x08000227   Thumb Code     0  startup_stm32f767xx.o(.text)
    RTC_Alarm_IRQHandler                     0x08000227   Thumb Code     0  startup_stm32f767xx.o(.text)
    RTC_WKUP_IRQHandler                      0x08000227   Thumb Code     0  startup_stm32f767xx.o(.text)
    SAI1_IRQHandler                          0x08000227   Thumb Code     0  startup_stm32f767xx.o(.text)
    SAI2_IRQHandler                          0x08000227   Thumb Code     0  startup_stm32f767xx.o(.text)
    SDMMC1_IRQHandler                        0x08000227   Thumb Code     0  startup_stm32f767xx.o(.text)
    SDMMC2_IRQHandler                        0x08000227   Thumb Code     0  startup_stm32f767xx.o(.text)
    SPDIF_RX_IRQHandler                      0x08000227   Thumb Code     0  startup_stm32f767xx.o(.text)
    SPI1_IRQHandler                          0x08000227   Thumb Code     0  startup_stm32f767xx.o(.text)
    SPI2_IRQHandler                          0x08000227   Thumb Code     0  startup_stm32f767xx.o(.text)
    SPI3_IRQHandler                          0x08000227   Thumb Code     0  startup_stm32f767xx.o(.text)
    SPI4_IRQHandler                          0x08000227   Thumb Code     0  startup_stm32f767xx.o(.text)
    SPI5_IRQHandler                          0x08000227   Thumb Code     0  startup_stm32f767xx.o(.text)
    SPI6_IRQHandler                          0x08000227   Thumb Code     0  startup_stm32f767xx.o(.text)
    TAMP_STAMP_IRQHandler                    0x08000227   Thumb Code     0  startup_stm32f767xx.o(.text)
    TIM1_BRK_TIM9_IRQHandler                 0x08000227   Thumb Code     0  startup_stm32f767xx.o(.text)
    TIM1_CC_IRQHandler                       0x08000227   Thumb Code     0  startup_stm32f767xx.o(.text)
    TIM1_TRG_COM_TIM11_IRQHandler            0x08000227   Thumb Code     0  startup_stm32f767xx.o(.text)
    TIM1_UP_TIM10_IRQHandler                 0x08000227   Thumb Code     0  startup_stm32f767xx.o(.text)
    TIM2_IRQHandler                          0x08000227   Thumb Code     0  startup_stm32f767xx.o(.text)
    TIM3_IRQHandler                          0x08000227   Thumb Code     0  startup_stm32f767xx.o(.text)
    TIM4_IRQHandler                          0x08000227   Thumb Code     0  startup_stm32f767xx.o(.text)
    TIM5_IRQHandler                          0x08000227   Thumb Code     0  startup_stm32f767xx.o(.text)
    TIM6_DAC_IRQHandler                      0x08000227   Thumb Code     0  startup_stm32f767xx.o(.text)
    TIM7_IRQHandler                          0x08000227   Thumb Code     0  startup_stm32f767xx.o(.text)
    TIM8_BRK_TIM12_IRQHandler                0x08000227   Thumb Code     0  startup_stm32f767xx.o(.text)
    TIM8_CC_IRQHandler                       0x08000227   Thumb Code     0  startup_stm32f767xx.o(.text)
    TIM8_TRG_COM_TIM14_IRQHandler            0x08000227   Thumb Code     0  startup_stm32f767xx.o(.text)
    TIM8_UP_TIM13_IRQHandler                 0x08000227   Thumb Code     0  startup_stm32f767xx.o(.text)
    UART4_IRQHandler                         0x08000227   Thumb Code     0  startup_stm32f767xx.o(.text)
    UART5_IRQHandler                         0x08000227   Thumb Code     0  startup_stm32f767xx.o(.text)
    UART7_IRQHandler                         0x08000227   Thumb Code     0  startup_stm32f767xx.o(.text)
    UART8_IRQHandler                         0x08000227   Thumb Code     0  startup_stm32f767xx.o(.text)
    USART1_IRQHandler                        0x08000227   Thumb Code     0  startup_stm32f767xx.o(.text)
    USART2_IRQHandler                        0x08000227   Thumb Code     0  startup_stm32f767xx.o(.text)
    USART6_IRQHandler                        0x08000227   Thumb Code     0  startup_stm32f767xx.o(.text)
    WWDG_IRQHandler                          0x08000227   Thumb Code     0  startup_stm32f767xx.o(.text)
    atoi                                     0x08000231   Thumb Code    26  atoi.o(.text)
    __aeabi_uidiv                            0x0800024b   Thumb Code     0  uidiv.o(.text)
    __aeabi_uidivmod                         0x0800024b   Thumb Code    44  uidiv.o(.text)
    strtol                                   0x08000277   Thumb Code   112  strtol.o(.text)
    __scatterload                            0x080002e9   Thumb Code    28  init.o(.text)
    __scatterload_rt2                        0x080002e9   Thumb Code     0  init.o(.text)
    __rt_ctype_table                         0x0800030d   Thumb Code     4  ctype_o.o(.text)
    _strtoul                                 0x08000315   Thumb Code   158  _strtoul.o(.text)
    _chval                                   0x080003b3   Thumb Code    28  _chval.o(.text)
    AddTask                                  0x08000505   Thumb Code    56  task_manager.o(i.AddTask)
    BeginSerialStringHandling                0x08000541   Thumb Code    16  serial.o(i.BeginSerialStringHandling)
    CyclePrintInfo                           0x08000555   Thumb Code    76  main_injection.o(i.CyclePrintInfo)
    DWT_Delay_Init                           0x080005b9   Thumb Code    58  dwt_stm32_delay.o(i.DWT_Delay_Init)
    DispatchTasks                            0x080005fd   Thumb Code    88  task_manager.o(i.DispatchTasks)
    GetDhtGetUs                              0x08000659   Thumb Code   104  dht11.o(i.GetDhtGetUs)
    GetHumidity                              0x080006cd   Thumb Code    30  hw_layer.o(i.GetHumidity)
    GetLightSaturation                       0x080006f5   Thumb Code     6  hw_layer.o(i.GetLightSaturation)
    GetPowerConsumption                      0x080006fd   Thumb Code    34  hw_layer.o(i.GetPowerConsumption)
    GetSoilMoisture                          0x08000725   Thumb Code     6  hw_layer.o(i.GetSoilMoisture)
    GetTemperature                           0x0800072d   Thumb Code    30  hw_layer.o(i.GetTemperature)
    HAL_ADC_ConfigChannel                    0x08000755   Thumb Code   338  stm32f7xx_hal_adc.o(i.HAL_ADC_ConfigChannel)
    HAL_ADC_GetValue                         0x080008b9   Thumb Code     6  stm32f7xx_hal_adc.o(i.HAL_ADC_GetValue)
    HAL_ADC_Init                             0x080008bf   Thumb Code    84  stm32f7xx_hal_adc.o(i.HAL_ADC_Init)
    HAL_ADC_MspInit                          0x08000915   Thumb Code    70  stm32f7xx_hal_msp.o(i.HAL_ADC_MspInit)
    HAL_ADC_PollForConversion                0x0800096d   Thumb Code   160  stm32f7xx_hal_adc.o(i.HAL_ADC_PollForConversion)
    HAL_ADC_Start                            0x08000a0d   Thumb Code   170  stm32f7xx_hal_adc.o(i.HAL_ADC_Start)
    HAL_ADC_Stop                             0x08000ac5   Thumb Code    60  stm32f7xx_hal_adc.o(i.HAL_ADC_Stop)
    HAL_DMA_Abort_IT                         0x08000b01   Thumb Code    36  stm32f7xx_hal_dma.o(i.HAL_DMA_Abort_IT)
    HAL_Delay                                0x08000b25   Thumb Code    22  stm32f7xx_hal.o(i.HAL_Delay)
    HAL_GPIO_Init                            0x08000b3d   Thumb Code   418  stm32f7xx_hal_gpio.o(i.HAL_GPIO_Init)
    HAL_GPIO_ReadPin                         0x08000d15   Thumb Code    10  stm32f7xx_hal_gpio.o(i.HAL_GPIO_ReadPin)
    HAL_GPIO_WritePin                        0x08000d1f   Thumb Code    10  stm32f7xx_hal_gpio.o(i.HAL_GPIO_WritePin)
    HAL_GetTick                              0x08000d29   Thumb Code     6  stm32f7xx_hal.o(i.HAL_GetTick)
    HAL_IncTick                              0x08000d35   Thumb Code    10  stm32f7xx_hal.o(i.HAL_IncTick)
    HAL_Init                                 0x08000d45   Thumb Code    22  stm32f7xx_hal.o(i.HAL_Init)
    HAL_InitTick                             0x08000d5d   Thumb Code    34  stm32f7xx_hal.o(i.HAL_InitTick)
    HAL_MspInit                              0x08000d85   Thumb Code    88  stm32f7xx_hal_msp.o(i.HAL_MspInit)
    HAL_NVIC_EnableIRQ                       0x08000ddd   Thumb Code    22  stm32f7xx_hal_cortex.o(i.HAL_NVIC_EnableIRQ)
    HAL_NVIC_SetPriority                     0x08000df5   Thumb Code    60  stm32f7xx_hal_cortex.o(i.HAL_NVIC_SetPriority)
    HAL_NVIC_SetPriorityGrouping             0x08000e35   Thumb Code    28  stm32f7xx_hal_cortex.o(i.HAL_NVIC_SetPriorityGrouping)
    HAL_PWREx_EnableOverDrive                0x08000e59   Thumb Code   100  stm32f7xx_hal_pwr_ex.o(i.HAL_PWREx_EnableOverDrive)
    HAL_RCCEx_PeriphCLKConfig                0x08000ec5   Thumb Code  1336  stm32f7xx_hal_rcc_ex.o(i.HAL_RCCEx_PeriphCLKConfig)
    HAL_RCC_ClockConfig                      0x08001401   Thumb Code   258  stm32f7xx_hal_rcc.o(i.HAL_RCC_ClockConfig)
    HAL_RCC_GetHCLKFreq                      0x08001515   Thumb Code     6  stm32f7xx_hal_rcc.o(i.HAL_RCC_GetHCLKFreq)
    HAL_RCC_GetPCLK1Freq                     0x08001521   Thumb Code    20  stm32f7xx_hal_rcc.o(i.HAL_RCC_GetPCLK1Freq)
    HAL_RCC_GetPCLK2Freq                     0x08001541   Thumb Code    20  stm32f7xx_hal_rcc.o(i.HAL_RCC_GetPCLK2Freq)
    HAL_RCC_GetSysClockFreq                  0x08001561   Thumb Code    60  stm32f7xx_hal_rcc.o(i.HAL_RCC_GetSysClockFreq)
    HAL_RCC_OscConfig                        0x080015a5   Thumb Code   814  stm32f7xx_hal_rcc.o(i.HAL_RCC_OscConfig)
    HAL_SYSTICK_CLKSourceConfig              0x080018e1   Thumb Code    24  stm32f7xx_hal_cortex.o(i.HAL_SYSTICK_CLKSourceConfig)
    HAL_SYSTICK_Callback                     0x080018f9   Thumb Code     2  stm32f7xx_hal_cortex.o(i.HAL_SYSTICK_Callback)
    HAL_SYSTICK_Config                       0x080018fb   Thumb Code    38  stm32f7xx_hal_cortex.o(i.HAL_SYSTICK_Config)
    HAL_SYSTICK_IRQHandler                   0x08001921   Thumb Code     8  stm32f7xx_hal_cortex.o(i.HAL_SYSTICK_IRQHandler)
    HAL_TIMEx_MasterConfigSynchronization    0x08001929   Thumb Code    78  stm32f7xx_hal_tim_ex.o(i.HAL_TIMEx_MasterConfigSynchronization)
    HAL_TIM_Base_Init                        0x08001981   Thumb Code    54  stm32f7xx_hal_tim.o(i.HAL_TIM_Base_Init)
    HAL_TIM_Base_MspInit                     0x080019b9   Thumb Code    52  stm32f7xx_hal_msp.o(i.HAL_TIM_Base_MspInit)
    HAL_TIM_ConfigClockSource                0x080019f9   Thumb Code   246  stm32f7xx_hal_tim.o(i.HAL_TIM_ConfigClockSource)
    HAL_TIM_MspPostInit                      0x08001af5   Thumb Code    66  stm32f7xx_hal_msp.o(i.HAL_TIM_MspPostInit)
    HAL_TIM_PWM_ConfigChannel                0x08001b49   Thumb Code   296  stm32f7xx_hal_tim_ex.o(i.HAL_TIM_PWM_ConfigChannel)
    HAL_TIM_PWM_Init                         0x08001c71   Thumb Code    54  stm32f7xx_hal_tim.o(i.HAL_TIM_PWM_Init)
    HAL_TIM_PWM_MspInit                      0x08001ca7   Thumb Code     2  stm32f7xx_hal_tim.o(i.HAL_TIM_PWM_MspInit)
    HAL_TIM_PWM_Start                        0x08001ca9   Thumb Code    48  stm32f7xx_hal_tim.o(i.HAL_TIM_PWM_Start)
    HAL_UART_ErrorCallback                   0x08001ce1   Thumb Code     2  stm32f7xx_hal_uart.o(i.HAL_UART_ErrorCallback)
    HAL_UART_IRQHandler                      0x08001ce5   Thumb Code   372  stm32f7xx_hal_uart.o(i.HAL_UART_IRQHandler)
    HAL_UART_Init                            0x08001e5d   Thumb Code   106  stm32f7xx_hal_uart.o(i.HAL_UART_Init)
    HAL_UART_MspInit                         0x08001ec9   Thumb Code    74  stm32f7xx_hal_msp.o(i.HAL_UART_MspInit)
    HAL_UART_Receive_IT                      0x08001f21   Thumb Code   142  stm32f7xx_hal_uart.o(i.HAL_UART_Receive_IT)
    HAL_UART_RxCpltCallback                  0x08001fb1   Thumb Code    68  serial.o(i.HAL_UART_RxCpltCallback)
    HAL_UART_Transmit_IT                     0x08001ffd   Thumb Code    66  stm32f7xx_hal_uart.o(i.HAL_UART_Transmit_IT)
    HAL_UART_TxCpltCallback                  0x0800203f   Thumb Code     2  stm32f7xx_hal_uart.o(i.HAL_UART_TxCpltCallback)
    HandleHostString                         0x08002041   Thumb Code    96  main_injection.o(i.HandleHostString)
    InitDht11                                0x080020b5   Thumb Code    36  dht11.o(i.InitDht11)
    Init_Peripheral                          0x080020dd   Thumb Code   124  main_injection.o(i.Init_Peripheral)
    Init_hw                                  0x08002175   Thumb Code     8  hw_layer.o(i.Init_hw)
    Loop                                     0x08002181   Thumb Code     4  main_injection.o(i.Loop)
    PendSV_Handler                           0x080023c7   Thumb Code     2  stm32f7xx_it.o(i.PendSV_Handler)
    SVC_Handler                              0x08002401   Thumb Code     2  stm32f7xx_it.o(i.SVC_Handler)
    SetControlState                          0x08002403   Thumb Code     4  hw_layer.o(i.SetControlState)
    SetControlValue                          0x08002407   Thumb Code    22  main_injection.o(i.SetControlValue)
    SysTick_Handler                          0x0800241d   Thumb Code    14  stm32f7xx_it.o(i.SysTick_Handler)
    SystemClock_Config                       0x0800242d   Thumb Code   176  main.o(i.SystemClock_Config)
    SystemInit                               0x080024e5   Thumb Code    68  system_stm32f7xx.o(i.SystemInit)
    TIM_Base_SetConfig                       0x08002539   Thumb Code   158  stm32f7xx_hal_tim.o(i.TIM_Base_SetConfig)
    TIM_CCxChannelCmd                        0x08002605   Thumb Code    22  stm32f7xx_hal_tim.o(i.TIM_CCxChannelCmd)
    TIM_ETR_SetConfig                        0x0800261b   Thumb Code    18  stm32f7xx_hal_tim.o(i.TIM_ETR_SetConfig)
    TIM_OC1_SetConfig                        0x0800263d   Thumb Code    90  stm32f7xx_hal_tim.o(i.TIM_OC1_SetConfig)
    TIM_OC2_SetConfig                        0x080026a5   Thumb Code    96  stm32f7xx_hal_tim.o(i.TIM_OC2_SetConfig)
    TIM_OC3_SetConfig                        0x08002711   Thumb Code    96  stm32f7xx_hal_tim.o(i.TIM_OC3_SetConfig)
    TIM_OC4_SetConfig                        0x0800277d   Thumb Code    76  stm32f7xx_hal_tim.o(i.TIM_OC4_SetConfig)
    UART_AdvFeatureConfig                    0x080028cb   Thumb Code   200  stm32f7xx_hal_uart.o(i.UART_AdvFeatureConfig)
    UART_CheckIdleState                      0x08002993   Thumb Code    64  stm32f7xx_hal_uart.o(i.UART_CheckIdleState)
    UART_SetConfig                           0x08002a7d   Thumb Code   550  stm32f7xx_hal_uart.o(i.UART_SetConfig)
    UART_WaitOnFlagUntilTimeout              0x08002cd5   Thumb Code   100  stm32f7xx_hal_uart.o(i.UART_WaitOnFlagUntilTimeout)
    USART3_IRQHandler                        0x08002d39   Thumb Code     6  stm32f7xx_it.o(i.USART3_IRQHandler)
    UpdateDht11                              0x08002d81   Thumb Code   192  dht11.o(i.UpdateDht11)
    __0sprintf$6                             0x08002e45   Thumb Code    34  printf6.o(i.__0sprintf$6)
    __1sprintf$6                             0x08002e45   Thumb Code     0  printf6.o(i.__0sprintf$6)
    __2sprintf                               0x08002e45   Thumb Code     0  printf6.o(i.__0sprintf$6)
    __aeabi_errno_addr                       0x08002e6d   Thumb Code     4  errno.o(i.__aeabi_errno_addr)
    __rt_errno_addr                          0x08002e6d   Thumb Code     0  errno.o(i.__aeabi_errno_addr)
    __scatterload_copy                       0x08002e75   Thumb Code    14  handlers.o(i.__scatterload_copy)
    __scatterload_null                       0x08002e83   Thumb Code     2  handlers.o(i.__scatterload_null)
    __scatterload_zeroinit                   0x08002e85   Thumb Code    14  handlers.o(i.__scatterload_zeroinit)
    free                                     0x080031e1   Thumb Code    76  malloc.o(i.free)
    main                                     0x08003231   Thumb Code    38  main.o(i.main)
    malloc                                   0x08003259   Thumb Code    92  malloc.o(i.malloc)
    AHBPrescTable                            0x080032c4   Data          16  system_stm32f7xx.o(.constdata)
    APBPrescTable                            0x080032d4   Data           8  system_stm32f7xx.o(.constdata)
    __ctype_table                            0x080032dc   Data         129  ctype_o.o(.constdata)
    Region$$Table$$Base                      0x08003364   Number         0  anon$$obj.o(Region$$Table)
    Region$$Table$$Limit                     0x08003384   Number         0  anon$$obj.o(Region$$Table)
    uwTick                                   0x20000000   Data           4  stm32f7xx_hal.o(.data)
    SystemCoreClock                          0x20000004   Data           4  system_stm32f7xx.o(.data)
    dht11Data                                0x20000008   Data           2  dht11.o(.data)
    __microlib_freelist                      0x20000034   Data           4  mvars.o(.data)
    __microlib_freelist_initialised          0x20000038   Data           4  mvars.o(.data)
    hadc1                                    0x20000040   Data          72  main.o(.bss)
    htim3                                    0x20000088   Data          64  main.o(.bss)
    htim4                                    0x200000c8   Data          64  main.o(.bss)
    huart3                                   0x20000108   Data         112  main.o(.bss)
    txBuf                                    0x20000178   Data          50  serial.o(.bss)
    __heap_base                              0x200001c8   Data           0  startup_stm32f767xx.o(HEAP)
    __heap_limit                             0x200003c8   Data           0  startup_stm32f767xx.o(HEAP)
    __initial_sp                             0x200007c8   Data           0  startup_stm32f767xx.o(STACK)



==============================================================================

Memory Map of the image

  Image Entry point : 0x080001f9

  Load Region LR_IROM1 (Base: 0x08000000, Size: 0x000033c4, Max: 0x00200000, ABSOLUTE)

    Execution Region ER_IROM1 (Exec base: 0x08000000, Load base: 0x08000000, Size: 0x00003384, Max: 0x00200000, ABSOLUTE)

    Exec Addr    Load Addr    Size         Type   Attr      Idx    E Section Name        Object

    0x08000000   0x08000000   0x000001f8   Data   RO         3381    RESET               startup_stm32f767xx.o
    0x080001f8   0x080001f8   0x00000000   Code   RO         3656  * .ARM.Collect$$$$00000000  mc_w.l(entry.o)
    0x080001f8   0x080001f8   0x00000004   Code   RO         3950    .ARM.Collect$$$$00000001  mc_w.l(entry2.o)
    0x080001fc   0x080001fc   0x00000004   Code   RO         3953    .ARM.Collect$$$$00000004  mc_w.l(entry5.o)
    0x08000200   0x08000200   0x00000000   Code   RO         3955    .ARM.Collect$$$$00000008  mc_w.l(entry7b.o)
    0x08000200   0x08000200   0x00000000   Code   RO         3957    .ARM.Collect$$$$0000000A  mc_w.l(entry8b.o)
    0x08000200   0x08000200   0x00000008   Code   RO         3958    .ARM.Collect$$$$0000000B  mc_w.l(entry9a.o)
    0x08000208   0x08000208   0x00000000   Code   RO         3960    .ARM.Collect$$$$0000000D  mc_w.l(entry10a.o)
    0x08000208   0x08000208   0x00000000   Code   RO         3962    .ARM.Collect$$$$0000000F  mc_w.l(entry11a.o)
    0x08000208   0x08000208   0x00000004   Code   RO         3951    .ARM.Collect$$$$00002712  mc_w.l(entry2.o)
    0x0800020c   0x0800020c   0x00000024   Code   RO         3382    .text               startup_stm32f767xx.o
    0x08000230   0x08000230   0x0000001a   Code   RO         3948    .text               mc_w.l(atoi.o)
    0x0800024a   0x0800024a   0x0000002c   Code   RO         3967    .text               mc_w.l(uidiv.o)
    0x08000276   0x08000276   0x00000070   Code   RO         3984    .text               mc_w.l(strtol.o)
    0x080002e6   0x080002e6   0x00000002   PAD
    0x080002e8   0x080002e8   0x00000024   Code   RO         3997    .text               mc_w.l(init.o)
    0x0800030c   0x0800030c   0x00000008   Code   RO         4006    .text               mc_w.l(ctype_o.o)
    0x08000314   0x08000314   0x0000009e   Code   RO         4034    .text               mc_w.l(_strtoul.o)
    0x080003b2   0x080003b2   0x0000001c   Code   RO         4039    .text               mc_w.l(_chval.o)
    0x080003ce   0x080003ce   0x00000002   PAD
    0x080003d0   0x080003d0   0x00000134   Code   RO         3215    i.ADC_Init          stm32f7xx_hal_adc.o
    0x08000504   0x08000504   0x0000003c   Code   RO         3586    i.AddTask           task_manager.o
    0x08000540   0x08000540   0x00000014   Code   RO         3621    i.BeginSerialStringHandling  serial.o
    0x08000554   0x08000554   0x00000064   Code   RO          291    i.CyclePrintInfo    main_injection.o
    0x080005b8   0x080005b8   0x00000044   Code   RO         3472    i.DWT_Delay_Init    dwt_stm32_delay.o
    0x080005fc   0x080005fc   0x0000005c   Code   RO         3587    i.DispatchTasks     task_manager.o
    0x08000658   0x08000658   0x00000074   Code   RO         3427    i.GetDhtGetUs       dht11.o
    0x080006cc   0x080006cc   0x00000028   Code   RO         3501    i.GetHumidity       hw_layer.o
    0x080006f4   0x080006f4   0x00000006   Code   RO         3502    i.GetLightSaturation  hw_layer.o
    0x080006fa   0x080006fa   0x00000002   PAD
    0x080006fc   0x080006fc   0x00000028   Code   RO         3503    i.GetPowerConsumption  hw_layer.o
    0x08000724   0x08000724   0x00000006   Code   RO         3504    i.GetSoilMoisture   hw_layer.o
    0x0800072a   0x0800072a   0x00000002   PAD
    0x0800072c   0x0800072c   0x00000028   Code   RO         3505    i.GetTemperature    hw_layer.o
    0x08000754   0x08000754   0x00000164   Code   RO         3217    i.HAL_ADC_ConfigChannel  stm32f7xx_hal_adc.o
    0x080008b8   0x080008b8   0x00000006   Code   RO         3224    i.HAL_ADC_GetValue  stm32f7xx_hal_adc.o
    0x080008be   0x080008be   0x00000054   Code   RO         3226    i.HAL_ADC_Init      stm32f7xx_hal_adc.o
    0x08000912   0x08000912   0x00000002   PAD
    0x08000914   0x08000914   0x00000058   Code   RO            5    i.HAL_ADC_MspInit   stm32f7xx_hal_msp.o
    0x0800096c   0x0800096c   0x000000a0   Code   RO         3230    i.HAL_ADC_PollForConversion  stm32f7xx_hal_adc.o
    0x08000a0c   0x08000a0c   0x000000b8   Code   RO         3232    i.HAL_ADC_Start     stm32f7xx_hal_adc.o
    0x08000ac4   0x08000ac4   0x0000003c   Code   RO         3235    i.HAL_ADC_Stop      stm32f7xx_hal_adc.o
    0x08000b00   0x08000b00   0x00000024   Code   RO         2044    i.HAL_DMA_Abort_IT  stm32f7xx_hal_dma.o
    0x08000b24   0x08000b24   0x00000016   Code   RO         2195    i.HAL_Delay         stm32f7xx_hal.o
    0x08000b3a   0x08000b3a   0x00000002   PAD
    0x08000b3c   0x08000b3c   0x000001d8   Code   RO         2633    i.HAL_GPIO_Init     stm32f7xx_hal_gpio.o
    0x08000d14   0x08000d14   0x0000000a   Code   RO         2635    i.HAL_GPIO_ReadPin  stm32f7xx_hal_gpio.o
    0x08000d1e   0x08000d1e   0x0000000a   Code   RO         2637    i.HAL_GPIO_WritePin  stm32f7xx_hal_gpio.o
    0x08000d28   0x08000d28   0x0000000c   Code   RO         2205    i.HAL_GetTick       stm32f7xx_hal.o
    0x08000d34   0x08000d34   0x00000010   Code   RO         2209    i.HAL_IncTick       stm32f7xx_hal.o
    0x08000d44   0x08000d44   0x00000016   Code   RO         2210    i.HAL_Init          stm32f7xx_hal.o
    0x08000d5a   0x08000d5a   0x00000002   PAD
    0x08000d5c   0x08000d5c   0x00000028   Code   RO         2211    i.HAL_InitTick      stm32f7xx_hal.o
    0x08000d84   0x08000d84   0x00000058   Code   RO            6    i.HAL_MspInit       stm32f7xx_hal_msp.o
    0x08000ddc   0x08000ddc   0x00000016   Code   RO         2382    i.HAL_NVIC_EnableIRQ  stm32f7xx_hal_cortex.o
    0x08000df2   0x08000df2   0x00000002   PAD
    0x08000df4   0x08000df4   0x00000040   Code   RO         2388    i.HAL_NVIC_SetPriority  stm32f7xx_hal_cortex.o
    0x08000e34   0x08000e34   0x00000024   Code   RO         2389    i.HAL_NVIC_SetPriorityGrouping  stm32f7xx_hal_cortex.o
    0x08000e58   0x08000e58   0x0000006c   Code   RO         2706    i.HAL_PWREx_EnableOverDrive  stm32f7xx_hal_pwr_ex.o
    0x08000ec4   0x08000ec4   0x0000053c   Code   RO         3073    i.HAL_RCCEx_PeriphCLKConfig  stm32f7xx_hal_rcc_ex.o
    0x08001400   0x08001400   0x00000114   Code   RO         1232    i.HAL_RCC_ClockConfig  stm32f7xx_hal_rcc.o
    0x08001514   0x08001514   0x0000000c   Code   RO         1237    i.HAL_RCC_GetHCLKFreq  stm32f7xx_hal_rcc.o
    0x08001520   0x08001520   0x00000020   Code   RO         1239    i.HAL_RCC_GetPCLK1Freq  stm32f7xx_hal_rcc.o
    0x08001540   0x08001540   0x00000020   Code   RO         1240    i.HAL_RCC_GetPCLK2Freq  stm32f7xx_hal_rcc.o
    0x08001560   0x08001560   0x00000044   Code   RO         1241    i.HAL_RCC_GetSysClockFreq  stm32f7xx_hal_rcc.o
    0x080015a4   0x080015a4   0x0000033c   Code   RO         1244    i.HAL_RCC_OscConfig  stm32f7xx_hal_rcc.o
    0x080018e0   0x080018e0   0x00000018   Code   RO         2391    i.HAL_SYSTICK_CLKSourceConfig  stm32f7xx_hal_cortex.o
    0x080018f8   0x080018f8   0x00000002   Code   RO         2392    i.HAL_SYSTICK_Callback  stm32f7xx_hal_cortex.o
    0x080018fa   0x080018fa   0x00000026   Code   RO         2393    i.HAL_SYSTICK_Config  stm32f7xx_hal_cortex.o
    0x08001920   0x08001920   0x00000008   Code   RO         2394    i.HAL_SYSTICK_IRQHandler  stm32f7xx_hal_cortex.o
    0x08001928   0x08001928   0x00000058   Code   RO         2811    i.HAL_TIMEx_MasterConfigSynchronization  stm32f7xx_hal_tim_ex.o
    0x08001980   0x08001980   0x00000036   Code   RO          374    i.HAL_TIM_Base_Init  stm32f7xx_hal_tim.o
    0x080019b6   0x080019b6   0x00000002   PAD
    0x080019b8   0x080019b8   0x00000040   Code   RO            8    i.HAL_TIM_Base_MspInit  stm32f7xx_hal_msp.o
    0x080019f8   0x080019f8   0x000000fc   Code   RO          383    i.HAL_TIM_ConfigClockSource  stm32f7xx_hal_tim.o
    0x08001af4   0x08001af4   0x00000054   Code   RO            9    i.HAL_TIM_MspPostInit  stm32f7xx_hal_msp.o
    0x08001b48   0x08001b48   0x00000128   Code   RO         2831    i.HAL_TIM_PWM_ConfigChannel  stm32f7xx_hal_tim_ex.o
    0x08001c70   0x08001c70   0x00000036   Code   RO          443    i.HAL_TIM_PWM_Init  stm32f7xx_hal_tim.o
    0x08001ca6   0x08001ca6   0x00000002   Code   RO          445    i.HAL_TIM_PWM_MspInit  stm32f7xx_hal_tim.o
    0x08001ca8   0x08001ca8   0x00000038   Code   RO          447    i.HAL_TIM_PWM_Start  stm32f7xx_hal_tim.o
    0x08001ce0   0x08001ce0   0x00000002   Code   RO         1348    i.HAL_UART_ErrorCallback  stm32f7xx_hal_uart.o
    0x08001ce2   0x08001ce2   0x00000002   PAD
    0x08001ce4   0x08001ce4   0x00000178   Code   RO         1351    i.HAL_UART_IRQHandler  stm32f7xx_hal_uart.o
    0x08001e5c   0x08001e5c   0x0000006a   Code   RO         1352    i.HAL_UART_Init     stm32f7xx_hal_uart.o
    0x08001ec6   0x08001ec6   0x00000002   PAD
    0x08001ec8   0x08001ec8   0x00000058   Code   RO           11    i.HAL_UART_MspInit  stm32f7xx_hal_msp.o
    0x08001f20   0x08001f20   0x0000008e   Code   RO         1357    i.HAL_UART_Receive_IT  stm32f7xx_hal_uart.o
    0x08001fae   0x08001fae   0x00000002   PAD
    0x08001fb0   0x08001fb0   0x0000004c   Code   RO         3622    i.HAL_UART_RxCpltCallback  serial.o
    0x08001ffc   0x08001ffc   0x00000042   Code   RO         1362    i.HAL_UART_Transmit_IT  stm32f7xx_hal_uart.o
    0x0800203e   0x0800203e   0x00000002   Code   RO         1363    i.HAL_UART_TxCpltCallback  stm32f7xx_hal_uart.o
    0x08002040   0x08002040   0x00000074   Code   RO          292    i.HandleHostString  main_injection.o
    0x080020b4   0x080020b4   0x00000028   Code   RO         3428    i.InitDht11         dht11.o
    0x080020dc   0x080020dc   0x00000098   Code   RO          293    i.Init_Peripheral   main_injection.o
    0x08002174   0x08002174   0x0000000c   Code   RO         3506    i.Init_hw           hw_layer.o
    0x08002180   0x08002180   0x00000004   Code   RO          294    i.Loop              main_injection.o
    0x08002184   0x08002184   0x00000054   Code   RO          224    i.MX_ADC1_Init      main.o
    0x080021d8   0x080021d8   0x00000084   Code   RO          225    i.MX_GPIO_Init      main.o
    0x0800225c   0x0800225c   0x00000088   Code   RO          226    i.MX_TIM3_Init      main.o
    0x080022e4   0x080022e4   0x00000088   Code   RO          227    i.MX_TIM4_Init      main.o
    0x0800236c   0x0800236c   0x00000038   Code   RO          228    i.MX_USART3_UART_Init  main.o
    0x080023a4   0x080023a4   0x00000022   Code   RO         2395    i.NVIC_SetPriority  stm32f7xx_hal_cortex.o
    0x080023c6   0x080023c6   0x00000002   Code   RO          178    i.PendSV_Handler    stm32f7xx_it.o
    0x080023c8   0x080023c8   0x00000038   Code   RO         3507    i.ReadAnalog        hw_layer.o
    0x08002400   0x08002400   0x00000002   Code   RO          179    i.SVC_Handler       stm32f7xx_it.o
    0x08002402   0x08002402   0x00000004   Code   RO         3508    i.SetControlState   hw_layer.o
    0x08002406   0x08002406   0x00000016   Code   RO          295    i.SetControlValue   main_injection.o
    0x0800241c   0x0800241c   0x0000000e   Code   RO          180    i.SysTick_Handler   stm32f7xx_it.o
    0x0800242a   0x0800242a   0x00000002   PAD
    0x0800242c   0x0800242c   0x000000b8   Code   RO          229    i.SystemClock_Config  main.o
    0x080024e4   0x080024e4   0x00000054   Code   RO         3390    i.SystemInit        system_stm32f7xx.o
    0x08002538   0x08002538   0x000000cc   Code   RO          458    i.TIM_Base_SetConfig  stm32f7xx_hal_tim.o
    0x08002604   0x08002604   0x00000016   Code   RO          459    i.TIM_CCxChannelCmd  stm32f7xx_hal_tim.o
    0x0800261a   0x0800261a   0x00000012   Code   RO          465    i.TIM_ETR_SetConfig  stm32f7xx_hal_tim.o
    0x0800262c   0x0800262c   0x00000010   Code   RO          466    i.TIM_ITRx_SetConfig  stm32f7xx_hal_tim.o
    0x0800263c   0x0800263c   0x00000068   Code   RO          467    i.TIM_OC1_SetConfig  stm32f7xx_hal_tim.o
    0x080026a4   0x080026a4   0x0000006c   Code   RO          468    i.TIM_OC2_SetConfig  stm32f7xx_hal_tim.o
    0x08002710   0x08002710   0x0000006c   Code   RO          469    i.TIM_OC3_SetConfig  stm32f7xx_hal_tim.o
    0x0800277c   0x0800277c   0x00000058   Code   RO          470    i.TIM_OC4_SetConfig  stm32f7xx_hal_tim.o
    0x080027d4   0x080027d4   0x00000058   Code   RO         2834    i.TIM_OC5_SetConfig  stm32f7xx_hal_tim_ex.o
    0x0800282c   0x0800282c   0x00000058   Code   RO         2835    i.TIM_OC6_SetConfig  stm32f7xx_hal_tim_ex.o
    0x08002884   0x08002884   0x00000022   Code   RO          472    i.TIM_TI1_ConfigInputStage  stm32f7xx_hal_tim.o
    0x080028a6   0x080028a6   0x00000024   Code   RO          474    i.TIM_TI2_ConfigInputStage  stm32f7xx_hal_tim.o
    0x080028ca   0x080028ca   0x000000c8   Code   RO         1365    i.UART_AdvFeatureConfig  stm32f7xx_hal_uart.o
    0x08002992   0x08002992   0x00000040   Code   RO         1366    i.UART_CheckIdleState  stm32f7xx_hal_uart.o
    0x080029d2   0x080029d2   0x00000014   Code   RO         1367    i.UART_DMAAbortOnError  stm32f7xx_hal_uart.o
    0x080029e6   0x080029e6   0x0000001c   Code   RO         1373    i.UART_EndRxTransfer  stm32f7xx_hal_uart.o
    0x08002a02   0x08002a02   0x00000078   Code   RO         1375    i.UART_Receive_IT   stm32f7xx_hal_uart.o
    0x08002a7a   0x08002a7a   0x00000002   PAD
    0x08002a7c   0x08002a7c   0x00000258   Code   RO         1376    i.UART_SetConfig    stm32f7xx_hal_uart.o
    0x08002cd4   0x08002cd4   0x00000064   Code   RO         1377    i.UART_WaitOnFlagUntilTimeout  stm32f7xx_hal_uart.o
    0x08002d38   0x08002d38   0x0000000c   Code   RO          181    i.USART3_IRQHandler  stm32f7xx_it.o
    0x08002d44   0x08002d44   0x0000003c   Code   RO         3509    i.UpdateDHT         hw_layer.o
    0x08002d80   0x08002d80   0x000000c4   Code   RO         3429    i.UpdateDht11       dht11.o
    0x08002e44   0x08002e44   0x00000028   Code   RO         3816    i.__0sprintf$6      mc_w.l(printf6.o)
    0x08002e6c   0x08002e6c   0x00000008   Code   RO         3977    i.__aeabi_errno_addr  mc_w.l(errno.o)
    0x08002e74   0x08002e74   0x0000000e   Code   RO         4043    i.__scatterload_copy  mc_w.l(handlers.o)
    0x08002e82   0x08002e82   0x00000002   Code   RO         4044    i.__scatterload_null  mc_w.l(handlers.o)
    0x08002e84   0x08002e84   0x0000000e   Code   RO         4045    i.__scatterload_zeroinit  mc_w.l(handlers.o)
    0x08002e92   0x08002e92   0x00000002   PAD
    0x08002e94   0x08002e94   0x000002f0   Code   RO         3821    i._printf_core      mc_w.l(printf6.o)
    0x08003184   0x08003184   0x00000024   Code   RO         3822    i._printf_post_padding  mc_w.l(printf6.o)
    0x080031a8   0x080031a8   0x0000002e   Code   RO         3823    i._printf_pre_padding  mc_w.l(printf6.o)
    0x080031d6   0x080031d6   0x0000000a   Code   RO         3825    i._sputc            mc_w.l(printf6.o)
    0x080031e0   0x080031e0   0x00000050   Code   RO         3920    i.free              mc_w.l(malloc.o)
    0x08003230   0x08003230   0x00000026   Code   RO          231    i.main              main.o
    0x08003256   0x08003256   0x00000002   PAD
    0x08003258   0x08003258   0x0000006c   Code   RO         3921    i.malloc            mc_w.l(malloc.o)
    0x080032c4   0x080032c4   0x00000010   Data   RO         3391    .constdata          system_stm32f7xx.o
    0x080032d4   0x080032d4   0x00000008   Data   RO         3392    .constdata          system_stm32f7xx.o
    0x080032dc   0x080032dc   0x00000081   Data   RO         4007    .constdata          mc_w.l(ctype_o.o)
    0x0800335d   0x0800335d   0x00000003   PAD
    0x08003360   0x08003360   0x00000004   Data   RO         4008    .constdata          mc_w.l(ctype_o.o)
    0x08003364   0x08003364   0x00000020   Data   RO         4041    Region$$Table       anon$$obj.o


    Execution Region RW_IRAM1 (Exec base: 0x20000000, Load base: 0x08003384, Size: 0x000007c8, Max: 0x00080000, ABSOLUTE)

    Exec Addr    Load Addr    Size         Type   Attr      Idx    E Section Name        Object

    0x20000000   0x08003384   0x00000004   Data   RW         2216    .data               stm32f7xx_hal.o
    0x20000004   0x08003388   0x00000004   Data   RW         3393    .data               system_stm32f7xx.o
    0x20000008   0x0800338c   0x0000000d   Data   RW         3430    .data               dht11.o
    0x20000015   0x08003399   0x00000003   PAD
    0x20000018   0x0800339c   0x00000004   Data   RW         3510    .data               hw_layer.o
    0x2000001c   0x080033a0   0x00000008   Data   RW         3588    .data               task_manager.o
    0x20000024   0x080033a8   0x00000010   Data   RW         3625    .data               serial.o
    0x20000034   0x080033b8   0x00000004   Data   RW         3975    .data               mc_w.l(mvars.o)
    0x20000038   0x080033bc   0x00000004   Data   RW         3976    .data               mc_w.l(mvars.o)
    0x2000003c   0x080033c0   0x00000004   Data   RW         3980    .data               mc_w.l(errno.o)
    0x20000040        -       0x00000138   Zero   RW          232    .bss                main.o
    0x20000178        -       0x00000032   Zero   RW         3623    .bss                serial.o
    0x200001aa        -       0x0000001e   Zero   RW         3624    .bss                serial.o
    0x200001c8        -       0x00000200   Zero   RW         3380    HEAP                startup_stm32f767xx.o
    0x200003c8        -       0x00000400   Zero   RW         3379    STACK               startup_stm32f767xx.o


==============================================================================

Image component sizes


      Code (inc. data)   RO Data    RW Data    ZI Data      Debug   Object Name

       352         20          0         13          0       3644   dht11.o
        68         10          0          0          0        549   dwt_stm32_delay.o
       264         38          0          4          0       4652   hw_layer.o
       766         62          0          0        312       5552   main.o
       394         72          0          0          0       3728   main_injection.o
        96         12          0         16         80       2250   serial.o
        36          8        504          0       1536        796   startup_stm32f767xx.o
       112         18          0          4          0       3727   stm32f7xx_hal.o
      1158         46          0          0          0       5773   stm32f7xx_hal_adc.o
       228         12          0          0          0      37165   stm32f7xx_hal_cortex.o
        36          0          0          0          0       1211   stm32f7xx_hal_dma.o
       492         54          0          0          0       3199   stm32f7xx_hal_gpio.o
       412         62          0          0          0     868328   stm32f7xx_hal_msp.o
       108          8          0          0          0       1252   stm32f7xx_hal_pwr_ex.o
      1248         70          0          0          0       5444   stm32f7xx_hal_rcc.o
      1340         22          0          0          0       2348   stm32f7xx_hal_rcc_ex.o
      1156        110          0          0          0      11880   stm32f7xx_hal_tim.o
       560         38          0          0          0       3812   stm32f7xx_hal_tim_ex.o
      1826         74          0          0          0      10983   stm32f7xx_hal_uart.o
        30          6          0          0          0       1821   stm32f7xx_it.o
        84         16         24          4          0       1203   system_stm32f7xx.o
       152          8          0          8          0       2102   task_manager.o

    ----------------------------------------------------------------------
     10944        766        560         52       1928     981419   Object Totals
         0          0         32          0          0          0   (incl. Generated)
        26          0          0          3          0          0   (incl. Padding)

    ----------------------------------------------------------------------

      Code (inc. data)   RO Data    RW Data    ZI Data      Debug   Library Member Name

        28          0          0          0          0         68   _chval.o
       158          0          0          0          0         92   _strtoul.o
        26          0          0          0          0         80   atoi.o
         8          4        133          0          0         68   ctype_o.o
         0          0          0          0          0          0   entry.o
         0          0          0          0          0          0   entry10a.o
         0          0          0          0          0          0   entry11a.o
         8          4          0          0          0          0   entry2.o
         4          0          0          0          0          0   entry5.o
         0          0          0          0          0          0   entry7b.o
         0          0          0          0          0          0   entry8b.o
         8          4          0          0          0          0   entry9a.o
         8          4          0          4          0         68   errno.o
        30          0          0          0          0          0   handlers.o
        36          8          0          0          0         68   init.o
       188         20          0          0          0        160   malloc.o
         0          0          0          8          0          0   mvars.o
       884         10          0          0          0        420   printf6.o
       112          0          0          0          0         88   strtol.o
        44          0          0          0          0         80   uidiv.o

    ----------------------------------------------------------------------
      1548         54        136         12          0       1192   Library Totals
         6          0          3          0          0          0   (incl. Padding)

    ----------------------------------------------------------------------

      Code (inc. data)   RO Data    RW Data    ZI Data      Debug   Library Name

      1542         54        133         12          0       1192   mc_w.l

    ----------------------------------------------------------------------
      1548         54        136         12          0       1192   Library Totals

    ----------------------------------------------------------------------

==============================================================================


      Code (inc. data)   RO Data    RW Data    ZI Data      Debug   

     12492        820        696         64       1928     972695   Grand Totals
     12492        820        696         64       1928     972695   ELF Image Totals
     12492        820        696         64          0          0   ROM Totals

==============================================================================

    Total RO  Size (Code + RO Data)                13188 (  12.88kB)
    Total RW  Size (RW Data + ZI Data)              1992 (   1.95kB)
    Total ROM Size (Code + RO Data + RW Data)      13252 (  12.94kB)

==============================================================================

